###############################################################################
#
# IAR ELF Linker V8.11.1.13263/W32 for ARM                24/May/2017  18:34:12
# Copyright 2007-2017 IAR Systems AB.
#
#    Output file  =  
#        C:\Users\Administrator\Desktop\sdk-ameba1-v3.4b3_without_NDA\project\realtek_ameba1_va0_example\EWARM-RELEASE\Debug\Exe\application.axf
#    Map file     =  
#        C:\Users\Administrator\Desktop\sdk-ameba1-v3.4b3_without_NDA\project\realtek_ameba1_va0_example\EWARM-RELEASE\Debug\List\application.map
#    Command line =  
#        -f C:\Users\ADMINI~1\AppData\Local\Temp\EW19D1.tmp
#        (C:\Users\Administrator\Desktop\sdk-ameba1-v3.4b3_without_NDA\project\realtek_ameba1_va0_example\EWARM-RELEASE\Debug\Obj\aes.o
#        C:\Users\Administrator\Desktop\sdk-ameba1-v3.4b3_without_NDA\project\realtek_ameba1_va0_example\EWARM-RELEASE\Debug\Obj\aesni.o
#        C:\Users\Administrator\Desktop\sdk-ameba1-v3.4b3_without_NDA\project\realtek_ameba1_va0_example\EWARM-RELEASE\Debug\Obj\analogin_api.o
#        C:\Users\Administrator\Desktop\sdk-ameba1-v3.4b3_without_NDA\project\realtek_ameba1_va0_example\EWARM-RELEASE\Debug\Obj\api_lib.o
#        C:\Users\Administrator\Desktop\sdk-ameba1-v3.4b3_without_NDA\project\realtek_ameba1_va0_example\EWARM-RELEASE\Debug\Obj\api_msg.o
#        C:\Users\Administrator\Desktop\sdk-ameba1-v3.4b3_without_NDA\project\realtek_ameba1_va0_example\EWARM-RELEASE\Debug\Obj\arc4.o
#        C:\Users\Administrator\Desktop\sdk-ameba1-v3.4b3_without_NDA\project\realtek_ameba1_va0_example\EWARM-RELEASE\Debug\Obj\asn1parse.o
#        C:\Users\Administrator\Desktop\sdk-ameba1-v3.4b3_without_NDA\project\realtek_ameba1_va0_example\EWARM-RELEASE\Debug\Obj\asn1write.o
#        C:\Users\Administrator\Desktop\sdk-ameba1-v3.4b3_without_NDA\project\realtek_ameba1_va0_example\EWARM-RELEASE\Debug\Obj\atcmd_google.o
#        C:\Users\Administrator\Desktop\sdk-ameba1-v3.4b3_without_NDA\project\realtek_ameba1_va0_example\EWARM-RELEASE\Debug\Obj\atcmd_sys.o
#        C:\Users\Administrator\Desktop\sdk-ameba1-v3.4b3_without_NDA\project\realtek_ameba1_va0_example\EWARM-RELEASE\Debug\Obj\atcmd_wifi.o
#        C:\Users\Administrator\Desktop\sdk-ameba1-v3.4b3_without_NDA\project\realtek_ameba1_va0_example\EWARM-RELEASE\Debug\Obj\autoip.o
#        C:\Users\Administrator\Desktop\sdk-ameba1-v3.4b3_without_NDA\project\realtek_ameba1_va0_example\EWARM-RELEASE\Debug\Obj\base64.o
#        C:\Users\Administrator\Desktop\sdk-ameba1-v3.4b3_without_NDA\project\realtek_ameba1_va0_example\EWARM-RELEASE\Debug\Obj\bignum.o
#        C:\Users\Administrator\Desktop\sdk-ameba1-v3.4b3_without_NDA\project\realtek_ameba1_va0_example\EWARM-RELEASE\Debug\Obj\blowfish.o
#        C:\Users\Administrator\Desktop\sdk-ameba1-v3.4b3_without_NDA\project\realtek_ameba1_va0_example\EWARM-RELEASE\Debug\Obj\camellia.o
#        C:\Users\Administrator\Desktop\sdk-ameba1-v3.4b3_without_NDA\project\realtek_ameba1_va0_example\EWARM-RELEASE\Debug\Obj\ccm.o
#        C:\Users\Administrator\Desktop\sdk-ameba1-v3.4b3_without_NDA\project\realtek_ameba1_va0_example\EWARM-RELEASE\Debug\Obj\certs.o
#        C:\Users\Administrator\Desktop\sdk-ameba1-v3.4b3_without_NDA\project\realtek_ameba1_va0_example\EWARM-RELEASE\Debug\Obj\cipher.o
#        C:\Users\Administrator\Desktop\sdk-ameba1-v3.4b3_without_NDA\project\realtek_ameba1_va0_example\EWARM-RELEASE\Debug\Obj\cipher_wrap.o
#        C:\Users\Administrator\Desktop\sdk-ameba1-v3.4b3_without_NDA\project\realtek_ameba1_va0_example\EWARM-RELEASE\Debug\Obj\cJSON.o
#        C:\Users\Administrator\Desktop\sdk-ameba1-v3.4b3_without_NDA\project\realtek_ameba1_va0_example\EWARM-RELEASE\Debug\Obj\cloud_link.o
#        C:\Users\Administrator\Desktop\sdk-ameba1-v3.4b3_without_NDA\project\realtek_ameba1_va0_example\EWARM-RELEASE\Debug\Obj\cmsis_os.o
#        C:\Users\Administrator\Desktop\sdk-ameba1-v3.4b3_without_NDA\project\realtek_ameba1_va0_example\EWARM-RELEASE\Debug\Obj\croutine.o
#        C:\Users\Administrator\Desktop\sdk-ameba1-v3.4b3_without_NDA\project\realtek_ameba1_va0_example\EWARM-RELEASE\Debug\Obj\ctr_drbg.o
#        C:\Users\Administrator\Desktop\sdk-ameba1-v3.4b3_without_NDA\project\realtek_ameba1_va0_example\EWARM-RELEASE\Debug\Obj\debug.o
#        C:\Users\Administrator\Desktop\sdk-ameba1-v3.4b3_without_NDA\project\realtek_ameba1_va0_example\EWARM-RELEASE\Debug\Obj\def.o
#        C:\Users\Administrator\Desktop\sdk-ameba1-v3.4b3_without_NDA\project\realtek_ameba1_va0_example\EWARM-RELEASE\Debug\Obj\des.o
#        C:\Users\Administrator\Desktop\sdk-ameba1-v3.4b3_without_NDA\project\realtek_ameba1_va0_example\EWARM-RELEASE\Debug\Obj\dhcp.o
#        C:\Users\Administrator\Desktop\sdk-ameba1-v3.4b3_without_NDA\project\realtek_ameba1_va0_example\EWARM-RELEASE\Debug\Obj\dhcps.o
#        C:\Users\Administrator\Desktop\sdk-ameba1-v3.4b3_without_NDA\project\realtek_ameba1_va0_example\EWARM-RELEASE\Debug\Obj\dhm.o
#        C:\Users\Administrator\Desktop\sdk-ameba1-v3.4b3_without_NDA\project\realtek_ameba1_va0_example\EWARM-RELEASE\Debug\Obj\dma_api.o
#        C:\Users\Administrator\Desktop\sdk-ameba1-v3.4b3_without_NDA\project\realtek_ameba1_va0_example\EWARM-RELEASE\Debug\Obj\dns.o
#        C:\Users\Administrator\Desktop\sdk-ameba1-v3.4b3_without_NDA\project\realtek_ameba1_va0_example\EWARM-RELEASE\Debug\Obj\ecdh.o
#        C:\Users\Administrator\Desktop\sdk-ameba1-v3.4b3_without_NDA\project\realtek_ameba1_va0_example\EWARM-RELEASE\Debug\Obj\ecdsa.o
#        C:\Users\Administrator\Desktop\sdk-ameba1-v3.4b3_without_NDA\project\realtek_ameba1_va0_example\EWARM-RELEASE\Debug\Obj\ecp.o
#        C:\Users\Administrator\Desktop\sdk-ameba1-v3.4b3_without_NDA\project\realtek_ameba1_va0_example\EWARM-RELEASE\Debug\Obj\ecp_curves.o
#        C:\Users\Administrator\Desktop\sdk-ameba1-v3.4b3_without_NDA\project\realtek_ameba1_va0_example\EWARM-RELEASE\Debug\Obj\efuse1_api.o
#        C:\Users\Administrator\Desktop\sdk-ameba1-v3.4b3_without_NDA\project\realtek_ameba1_va0_example\EWARM-RELEASE\Debug\Obj\efuse2_api.o
#        C:\Users\Administrator\Desktop\sdk-ameba1-v3.4b3_without_NDA\project\realtek_ameba1_va0_example\EWARM-RELEASE\Debug\Obj\efuse3_api.o
#        C:\Users\Administrator\Desktop\sdk-ameba1-v3.4b3_without_NDA\project\realtek_ameba1_va0_example\EWARM-RELEASE\Debug\Obj\entropy.o
#        C:\Users\Administrator\Desktop\sdk-ameba1-v3.4b3_without_NDA\project\realtek_ameba1_va0_example\EWARM-RELEASE\Debug\Obj\entropy_poll.o
#        C:\Users\Administrator\Desktop\sdk-ameba1-v3.4b3_without_NDA\project\realtek_ameba1_va0_example\EWARM-RELEASE\Debug\Obj\err.o
#        C:\Users\Administrator\Desktop\sdk-ameba1-v3.4b3_without_NDA\project\realtek_ameba1_va0_example\EWARM-RELEASE\Debug\Obj\error.o
#        C:\Users\Administrator\Desktop\sdk-ameba1-v3.4b3_without_NDA\project\realtek_ameba1_va0_example\EWARM-RELEASE\Debug\Obj\etharp.o
#        C:\Users\Administrator\Desktop\sdk-ameba1-v3.4b3_without_NDA\project\realtek_ameba1_va0_example\EWARM-RELEASE\Debug\Obj\ethernetif.o
#        C:\Users\Administrator\Desktop\sdk-ameba1-v3.4b3_without_NDA\project\realtek_ameba1_va0_example\EWARM-RELEASE\Debug\Obj\event_groups.o
#        C:\Users\Administrator\Desktop\sdk-ameba1-v3.4b3_without_NDA\project\realtek_ameba1_va0_example\EWARM-RELEASE\Debug\Obj\example_entry.o
#        C:\Users\Administrator\Desktop\sdk-ameba1-v3.4b3_without_NDA\project\realtek_ameba1_va0_example\EWARM-RELEASE\Debug\Obj\example_google.o
#        C:\Users\Administrator\Desktop\sdk-ameba1-v3.4b3_without_NDA\project\realtek_ameba1_va0_example\EWARM-RELEASE\Debug\Obj\example_mdns.o
#        C:\Users\Administrator\Desktop\sdk-ameba1-v3.4b3_without_NDA\project\realtek_ameba1_va0_example\EWARM-RELEASE\Debug\Obj\example_socket_select.o
#        C:\Users\Administrator\Desktop\sdk-ameba1-v3.4b3_without_NDA\project\realtek_ameba1_va0_example\EWARM-RELEASE\Debug\Obj\example_wlan_fast_connect.o
#        C:\Users\Administrator\Desktop\sdk-ameba1-v3.4b3_without_NDA\project\realtek_ameba1_va0_example\EWARM-RELEASE\Debug\Obj\example_xml.o
#        C:\Users\Administrator\Desktop\sdk-ameba1-v3.4b3_without_NDA\project\realtek_ameba1_va0_example\EWARM-RELEASE\Debug\Obj\flash_api.o
#        C:\Users\Administrator\Desktop\sdk-ameba1-v3.4b3_without_NDA\project\realtek_ameba1_va0_example\EWARM-RELEASE\Debug\Obj\freertos_pmu.o
#        C:\Users\Administrator\Desktop\sdk-ameba1-v3.4b3_without_NDA\project\realtek_ameba1_va0_example\EWARM-RELEASE\Debug\Obj\freertos_service.o
#        C:\Users\Administrator\Desktop\sdk-ameba1-v3.4b3_without_NDA\project\realtek_ameba1_va0_example\EWARM-RELEASE\Debug\Obj\gcm.o
#        C:\Users\Administrator\Desktop\sdk-ameba1-v3.4b3_without_NDA\project\realtek_ameba1_va0_example\EWARM-RELEASE\Debug\Obj\gpio_api.o
#        C:\Users\Administrator\Desktop\sdk-ameba1-v3.4b3_without_NDA\project\realtek_ameba1_va0_example\EWARM-RELEASE\Debug\Obj\gpio_irq_api.o
#        C:\Users\Administrator\Desktop\sdk-ameba1-v3.4b3_without_NDA\project\realtek_ameba1_va0_example\EWARM-RELEASE\Debug\Obj\hal_32k.o
#        C:\Users\Administrator\Desktop\sdk-ameba1-v3.4b3_without_NDA\project\realtek_ameba1_va0_example\EWARM-RELEASE\Debug\Obj\hal_adc.o
#        C:\Users\Administrator\Desktop\sdk-ameba1-v3.4b3_without_NDA\project\realtek_ameba1_va0_example\EWARM-RELEASE\Debug\Obj\hal_gdma.o
#        C:\Users\Administrator\Desktop\sdk-ameba1-v3.4b3_without_NDA\project\realtek_ameba1_va0_example\EWARM-RELEASE\Debug\Obj\hal_gpio.o
#        C:\Users\Administrator\Desktop\sdk-ameba1-v3.4b3_without_NDA\project\realtek_ameba1_va0_example\EWARM-RELEASE\Debug\Obj\hal_i2c.o
#        C:\Users\Administrator\Desktop\sdk-ameba1-v3.4b3_without_NDA\project\realtek_ameba1_va0_example\EWARM-RELEASE\Debug\Obj\hal_i2s.o
#        C:\Users\Administrator\Desktop\sdk-ameba1-v3.4b3_without_NDA\project\realtek_ameba1_va0_example\EWARM-RELEASE\Debug\Obj\hal_mii.o
#        C:\Users\Administrator\Desktop\sdk-ameba1-v3.4b3_without_NDA\project\realtek_ameba1_va0_example\EWARM-RELEASE\Debug\Obj\hal_nfc.o
#        C:\Users\Administrator\Desktop\sdk-ameba1-v3.4b3_without_NDA\project\realtek_ameba1_va0_example\EWARM-RELEASE\Debug\Obj\hal_pcm.o
#        C:\Users\Administrator\Desktop\sdk-ameba1-v3.4b3_without_NDA\project\realtek_ameba1_va0_example\EWARM-RELEASE\Debug\Obj\hal_pwm.o
#        C:\Users\Administrator\Desktop\sdk-ameba1-v3.4b3_without_NDA\project\realtek_ameba1_va0_example\EWARM-RELEASE\Debug\Obj\hal_sdr_controller.o
#        C:\Users\Administrator\Desktop\sdk-ameba1-v3.4b3_without_NDA\project\realtek_ameba1_va0_example\EWARM-RELEASE\Debug\Obj\hal_soc_ps_monitor.o
#        C:\Users\Administrator\Desktop\sdk-ameba1-v3.4b3_without_NDA\project\realtek_ameba1_va0_example\EWARM-RELEASE\Debug\Obj\hal_ssi.o
#        C:\Users\Administrator\Desktop\sdk-ameba1-v3.4b3_without_NDA\project\realtek_ameba1_va0_example\EWARM-RELEASE\Debug\Obj\hal_timer.o
#        C:\Users\Administrator\Desktop\sdk-ameba1-v3.4b3_without_NDA\project\realtek_ameba1_va0_example\EWARM-RELEASE\Debug\Obj\hal_uart.o
#        C:\Users\Administrator\Desktop\sdk-ameba1-v3.4b3_without_NDA\project\realtek_ameba1_va0_example\EWARM-RELEASE\Debug\Obj\havege.o
#        C:\Users\Administrator\Desktop\sdk-ameba1-v3.4b3_without_NDA\project\realtek_ameba1_va0_example\EWARM-RELEASE\Debug\Obj\heap_5.o
#        C:\Users\Administrator\Desktop\sdk-ameba1-v3.4b3_without_NDA\project\realtek_ameba1_va0_example\EWARM-RELEASE\Debug\Obj\hmac_drbg.o
#        C:\Users\Administrator\Desktop\sdk-ameba1-v3.4b3_without_NDA\project\realtek_ameba1_va0_example\EWARM-RELEASE\Debug\Obj\i2c_api.o
#        C:\Users\Administrator\Desktop\sdk-ameba1-v3.4b3_without_NDA\project\realtek_ameba1_va0_example\EWARM-RELEASE\Debug\Obj\i2s_api.o
#        C:\Users\Administrator\Desktop\sdk-ameba1-v3.4b3_without_NDA\project\realtek_ameba1_va0_example\EWARM-RELEASE\Debug\Obj\icmp.o
#        C:\Users\Administrator\Desktop\sdk-ameba1-v3.4b3_without_NDA\project\realtek_ameba1_va0_example\EWARM-RELEASE\Debug\Obj\igmp.o
#        C:\Users\Administrator\Desktop\sdk-ameba1-v3.4b3_without_NDA\project\realtek_ameba1_va0_example\EWARM-RELEASE\Debug\Obj\inet.o
#        C:\Users\Administrator\Desktop\sdk-ameba1-v3.4b3_without_NDA\project\realtek_ameba1_va0_example\EWARM-RELEASE\Debug\Obj\inet_chksum.o
#        C:\Users\Administrator\Desktop\sdk-ameba1-v3.4b3_without_NDA\project\realtek_ameba1_va0_example\EWARM-RELEASE\Debug\Obj\init.o
#        C:\Users\Administrator\Desktop\sdk-ameba1-v3.4b3_without_NDA\project\realtek_ameba1_va0_example\EWARM-RELEASE\Debug\Obj\ip.o
#        C:\Users\Administrator\Desktop\sdk-ameba1-v3.4b3_without_NDA\project\realtek_ameba1_va0_example\EWARM-RELEASE\Debug\Obj\ip_addr.o
#        C:\Users\Administrator\Desktop\sdk-ameba1-v3.4b3_without_NDA\project\realtek_ameba1_va0_example\EWARM-RELEASE\Debug\Obj\ip_frag.o
#        C:\Users\Administrator\Desktop\sdk-ameba1-v3.4b3_without_NDA\component\soc\realtek\8195a\misc\bsp\lib\common\IAR\lib_mdns.a
#        C:\Users\Administrator\Desktop\sdk-ameba1-v3.4b3_without_NDA\component\soc\realtek\8195a\misc\bsp\lib\common\IAR\lib_platform.a
#        C:\Users\Administrator\Desktop\sdk-ameba1-v3.4b3_without_NDA\component\soc\realtek\8195a\misc\bsp\lib\common\IAR\lib_rtlstd.a
#        C:\Users\Administrator\Desktop\sdk-ameba1-v3.4b3_without_NDA\component\soc\realtek\8195a\misc\bsp\lib\common\IAR\lib_wlan.a
#        C:\Users\Administrator\Desktop\sdk-ameba1-v3.4b3_without_NDA\component\soc\realtek\8195a\misc\bsp\lib\common\IAR\lib_wps.a
#        C:\Users\Administrator\Desktop\sdk-ameba1-v3.4b3_without_NDA\project\realtek_ameba1_va0_example\EWARM-RELEASE\Debug\Obj\list.o
#        C:\Users\Administrator\Desktop\sdk-ameba1-v3.4b3_without_NDA\project\realtek_ameba1_va0_example\EWARM-RELEASE\Debug\Obj\log_service.o
#        C:\Users\Administrator\Desktop\sdk-ameba1-v3.4b3_without_NDA\project\realtek_ameba1_va0_example\EWARM-RELEASE\Debug\Obj\low_level_io.o
#        C:\Users\Administrator\Desktop\sdk-ameba1-v3.4b3_without_NDA\project\realtek_ameba1_va0_example\EWARM-RELEASE\Debug\Obj\lwip_intf.o
#        C:\Users\Administrator\Desktop\sdk-ameba1-v3.4b3_without_NDA\project\realtek_ameba1_va0_example\EWARM-RELEASE\Debug\Obj\lwip_netconf.o
#        C:\Users\Administrator\Desktop\sdk-ameba1-v3.4b3_without_NDA\project\realtek_ameba1_va0_example\EWARM-RELEASE\Debug\Obj\lwip_timers.o
#        C:\Users\Administrator\Desktop\sdk-ameba1-v3.4b3_without_NDA\project\realtek_ameba1_va0_example\EWARM-RELEASE\Debug\Obj\mailbox.o
#        C:\Users\Administrator\Desktop\sdk-ameba1-v3.4b3_without_NDA\project\realtek_ameba1_va0_example\EWARM-RELEASE\Debug\Obj\main.o
#        C:\Users\Administrator\Desktop\sdk-ameba1-v3.4b3_without_NDA\project\realtek_ameba1_va0_example\EWARM-RELEASE\Debug\Obj\md.o
#        C:\Users\Administrator\Desktop\sdk-ameba1-v3.4b3_without_NDA\project\realtek_ameba1_va0_example\EWARM-RELEASE\Debug\Obj\md2.o
#        C:\Users\Administrator\Desktop\sdk-ameba1-v3.4b3_without_NDA\project\realtek_ameba1_va0_example\EWARM-RELEASE\Debug\Obj\md4.o
#        C:\Users\Administrator\Desktop\sdk-ameba1-v3.4b3_without_NDA\project\realtek_ameba1_va0_example\EWARM-RELEASE\Debug\Obj\md5.o
#        C:\Users\Administrator\Desktop\sdk-ameba1-v3.4b3_without_NDA\project\realtek_ameba1_va0_example\EWARM-RELEASE\Debug\Obj\md_wrap.o
#        C:\Users\Administrator\Desktop\sdk-ameba1-v3.4b3_without_NDA\project\realtek_ameba1_va0_example\EWARM-RELEASE\Debug\Obj\mDNSPlatform.o
#        C:\Users\Administrator\Desktop\sdk-ameba1-v3.4b3_without_NDA\project\realtek_ameba1_va0_example\EWARM-RELEASE\Debug\Obj\mem.o
#        C:\Users\Administrator\Desktop\sdk-ameba1-v3.4b3_without_NDA\project\realtek_ameba1_va0_example\EWARM-RELEASE\Debug\Obj\memory_buffer_alloc.o
#        C:\Users\Administrator\Desktop\sdk-ameba1-v3.4b3_without_NDA\project\realtek_ameba1_va0_example\EWARM-RELEASE\Debug\Obj\memp.o
#        C:\Users\Administrator\Desktop\sdk-ameba1-v3.4b3_without_NDA\project\realtek_ameba1_va0_example\EWARM-RELEASE\Debug\Obj\net.o
#        C:\Users\Administrator\Desktop\sdk-ameba1-v3.4b3_without_NDA\project\realtek_ameba1_va0_example\EWARM-RELEASE\Debug\Obj\netbuf.o
#        C:\Users\Administrator\Desktop\sdk-ameba1-v3.4b3_without_NDA\project\realtek_ameba1_va0_example\EWARM-RELEASE\Debug\Obj\netdb.o
#        C:\Users\Administrator\Desktop\sdk-ameba1-v3.4b3_without_NDA\project\realtek_ameba1_va0_example\EWARM-RELEASE\Debug\Obj\netif.o
#        C:\Users\Administrator\Desktop\sdk-ameba1-v3.4b3_without_NDA\project\realtek_ameba1_va0_example\EWARM-RELEASE\Debug\Obj\netifapi.o
#        C:\Users\Administrator\Desktop\sdk-ameba1-v3.4b3_without_NDA\project\realtek_ameba1_va0_example\EWARM-RELEASE\Debug\Obj\nfc_api.o
#        C:\Users\Administrator\Desktop\sdk-ameba1-v3.4b3_without_NDA\project\realtek_ameba1_va0_example\EWARM-RELEASE\Debug\Obj\oid.o
#        C:\Users\Administrator\Desktop\sdk-ameba1-v3.4b3_without_NDA\project\realtek_ameba1_va0_example\EWARM-RELEASE\Debug\Obj\osdep_api.o
#        C:\Users\Administrator\Desktop\sdk-ameba1-v3.4b3_without_NDA\project\realtek_ameba1_va0_example\EWARM-RELEASE\Debug\Obj\osdep_service.o
#        C:\Users\Administrator\Desktop\sdk-ameba1-v3.4b3_without_NDA\project\realtek_ameba1_va0_example\EWARM-RELEASE\Debug\Obj\padlock.o
#        C:\Users\Administrator\Desktop\sdk-ameba1-v3.4b3_without_NDA\project\realtek_ameba1_va0_example\EWARM-RELEASE\Debug\Obj\pbkdf2.o
#        C:\Users\Administrator\Desktop\sdk-ameba1-v3.4b3_without_NDA\project\realtek_ameba1_va0_example\EWARM-RELEASE\Debug\Obj\pbuf.o
#        C:\Users\Administrator\Desktop\sdk-ameba1-v3.4b3_without_NDA\project\realtek_ameba1_va0_example\EWARM-RELEASE\Debug\Obj\pem.o
#        C:\Users\Administrator\Desktop\sdk-ameba1-v3.4b3_without_NDA\project\realtek_ameba1_va0_example\EWARM-RELEASE\Debug\Obj\ping_test.o
#        C:\Users\Administrator\Desktop\sdk-ameba1-v3.4b3_without_NDA\project\realtek_ameba1_va0_example\EWARM-RELEASE\Debug\Obj\pinmap.o
#        C:\Users\Administrator\Desktop\sdk-ameba1-v3.4b3_without_NDA\project\realtek_ameba1_va0_example\EWARM-RELEASE\Debug\Obj\pinmap_common.o
#        C:\Users\Administrator\Desktop\sdk-ameba1-v3.4b3_without_NDA\project\realtek_ameba1_va0_example\EWARM-RELEASE\Debug\Obj\pk.o
#        C:\Users\Administrator\Desktop\sdk-ameba1-v3.4b3_without_NDA\project\realtek_ameba1_va0_example\EWARM-RELEASE\Debug\Obj\pk_wrap.o
#        C:\Users\Administrator\Desktop\sdk-ameba1-v3.4b3_without_NDA\project\realtek_ameba1_va0_example\EWARM-RELEASE\Debug\Obj\pkcs11.o
#        C:\Users\Administrator\Desktop\sdk-ameba1-v3.4b3_without_NDA\project\realtek_ameba1_va0_example\EWARM-RELEASE\Debug\Obj\pkcs12.o
#        C:\Users\Administrator\Desktop\sdk-ameba1-v3.4b3_without_NDA\project\realtek_ameba1_va0_example\EWARM-RELEASE\Debug\Obj\pkcs5.o
#        C:\Users\Administrator\Desktop\sdk-ameba1-v3.4b3_without_NDA\project\realtek_ameba1_va0_example\EWARM-RELEASE\Debug\Obj\pkparse.o
#        C:\Users\Administrator\Desktop\sdk-ameba1-v3.4b3_without_NDA\project\realtek_ameba1_va0_example\EWARM-RELEASE\Debug\Obj\pkwrite.o
#        C:\Users\Administrator\Desktop\sdk-ameba1-v3.4b3_without_NDA\project\realtek_ameba1_va0_example\EWARM-RELEASE\Debug\Obj\platform.o
#        C:\Users\Administrator\Desktop\sdk-ameba1-v3.4b3_without_NDA\project\realtek_ameba1_va0_example\EWARM-RELEASE\Debug\Obj\port.o
#        C:\Users\Administrator\Desktop\sdk-ameba1-v3.4b3_without_NDA\project\realtek_ameba1_va0_example\EWARM-RELEASE\Debug\Obj\port_api.o
#        C:\Users\Administrator\Desktop\sdk-ameba1-v3.4b3_without_NDA\project\realtek_ameba1_va0_example\EWARM-RELEASE\Debug\Obj\portasm.o
#        C:\Users\Administrator\Desktop\sdk-ameba1-v3.4b3_without_NDA\project\realtek_ameba1_va0_example\EWARM-RELEASE\Debug\Obj\pwmout_api.o
#        C:\Users\Administrator\Desktop\sdk-ameba1-v3.4b3_without_NDA\project\realtek_ameba1_va0_example\EWARM-RELEASE\Debug\Obj\queue.o
#        C:\Users\Administrator\Desktop\sdk-ameba1-v3.4b3_without_NDA\project\realtek_ameba1_va0_example\EWARM-RELEASE\Debug\Obj\raw.o
#        C:\Users\Administrator\Desktop\sdk-ameba1-v3.4b3_without_NDA\project\realtek_ameba1_va0_example\EWARM-RELEASE\Debug\Obj\ripemd160.o
#        C:\Users\Administrator\Desktop\sdk-ameba1-v3.4b3_without_NDA\component\soc\realtek\8195a\misc\bsp\lib\va0\rom.a
#        C:\Users\Administrator\Desktop\sdk-ameba1-v3.4b3_without_NDA\project\realtek_ameba1_va0_example\EWARM-RELEASE\Debug\Obj\rom_ssl_ram_map.o
#        C:\Users\Administrator\Desktop\sdk-ameba1-v3.4b3_without_NDA\project\realtek_ameba1_va0_example\EWARM-RELEASE\Debug\Obj\rsa.o
#        C:\Users\Administrator\Desktop\sdk-ameba1-v3.4b3_without_NDA\project\realtek_ameba1_va0_example\EWARM-RELEASE\Debug\Obj\rtc_api.o
#        C:\Users\Administrator\Desktop\sdk-ameba1-v3.4b3_without_NDA\project\realtek_ameba1_va0_example\EWARM-RELEASE\Debug\Obj\rtl8195a_adc.o
#        C:\Users\Administrator\Desktop\sdk-ameba1-v3.4b3_without_NDA\project\realtek_ameba1_va0_example\EWARM-RELEASE\Debug\Obj\rtl8195a_gdma.o
#        C:\Users\Administrator\Desktop\sdk-ameba1-v3.4b3_without_NDA\project\realtek_ameba1_va0_example\EWARM-RELEASE\Debug\Obj\rtl8195a_gpio.o
#        C:\Users\Administrator\Desktop\sdk-ameba1-v3.4b3_without_NDA\project\realtek_ameba1_va0_example\EWARM-RELEASE\Debug\Obj\rtl8195a_i2c.o
#        C:\Users\Administrator\Desktop\sdk-ameba1-v3.4b3_without_NDA\project\realtek_ameba1_va0_example\EWARM-RELEASE\Debug\Obj\rtl8195a_i2s.o
#        C:\Users\Administrator\Desktop\sdk-ameba1-v3.4b3_without_NDA\project\realtek_ameba1_va0_example\EWARM-RELEASE\Debug\Obj\rtl8195a_it.o
#        C:\Users\Administrator\Desktop\sdk-ameba1-v3.4b3_without_NDA\project\realtek_ameba1_va0_example\EWARM-RELEASE\Debug\Obj\rtl8195a_nfc.o
#        C:\Users\Administrator\Desktop\sdk-ameba1-v3.4b3_without_NDA\project\realtek_ameba1_va0_example\EWARM-RELEASE\Debug\Obj\rtl8195a_pwm.o
#        C:\Users\Administrator\Desktop\sdk-ameba1-v3.4b3_without_NDA\project\realtek_ameba1_va0_example\EWARM-RELEASE\Debug\Obj\rtl8195a_ssi.o
#        C:\Users\Administrator\Desktop\sdk-ameba1-v3.4b3_without_NDA\project\realtek_ameba1_va0_example\EWARM-RELEASE\Debug\Obj\rtl8195a_timer.o
#        C:\Users\Administrator\Desktop\sdk-ameba1-v3.4b3_without_NDA\project\realtek_ameba1_va0_example\EWARM-RELEASE\Debug\Obj\rtl8195a_uart.o
#        C:\Users\Administrator\Desktop\sdk-ameba1-v3.4b3_without_NDA\project\realtek_ameba1_va0_example\EWARM-RELEASE\Debug\Obj\rtl_consol.o
#        C:\Users\Administrator\Desktop\sdk-ameba1-v3.4b3_without_NDA\project\realtek_ameba1_va0_example\EWARM-RELEASE\Debug\Obj\serial_api.o
#        C:\Users\Administrator\Desktop\sdk-ameba1-v3.4b3_without_NDA\project\realtek_ameba1_va0_example\EWARM-RELEASE\Debug\Obj\sha1.o
#        C:\Users\Administrator\Desktop\sdk-ameba1-v3.4b3_without_NDA\project\realtek_ameba1_va0_example\EWARM-RELEASE\Debug\Obj\sha256.o
#        C:\Users\Administrator\Desktop\sdk-ameba1-v3.4b3_without_NDA\project\realtek_ameba1_va0_example\EWARM-RELEASE\Debug\Obj\sha512.o
#        C:\Users\Administrator\Desktop\sdk-ameba1-v3.4b3_without_NDA\project\realtek_ameba1_va0_example\EWARM-RELEASE\Debug\Obj\shtc1.o
#        C:\Users\Administrator\Desktop\sdk-ameba1-v3.4b3_without_NDA\project\realtek_ameba1_va0_example\EWARM-RELEASE\Debug\Obj\sleep.o
#        C:\Users\Administrator\Desktop\sdk-ameba1-v3.4b3_without_NDA\project\realtek_ameba1_va0_example\EWARM-RELEASE\Debug\Obj\sockets.o
#        C:\Users\Administrator\Desktop\sdk-ameba1-v3.4b3_without_NDA\project\realtek_ameba1_va0_example\EWARM-RELEASE\Debug\Obj\spi_api.o
#        C:\Users\Administrator\Desktop\sdk-ameba1-v3.4b3_without_NDA\project\realtek_ameba1_va0_example\EWARM-RELEASE\Debug\Obj\ssl_cache.o
#        C:\Users\Administrator\Desktop\sdk-ameba1-v3.4b3_without_NDA\project\realtek_ameba1_va0_example\EWARM-RELEASE\Debug\Obj\ssl_ciphersuites.o
#        C:\Users\Administrator\Desktop\sdk-ameba1-v3.4b3_without_NDA\project\realtek_ameba1_va0_example\EWARM-RELEASE\Debug\Obj\ssl_cli.o
#        C:\Users\Administrator\Desktop\sdk-ameba1-v3.4b3_without_NDA\project\realtek_ameba1_va0_example\EWARM-RELEASE\Debug\Obj\ssl_client.o
#        C:\Users\Administrator\Desktop\sdk-ameba1-v3.4b3_without_NDA\project\realtek_ameba1_va0_example\EWARM-RELEASE\Debug\Obj\ssl_ram_map.o
#        C:\Users\Administrator\Desktop\sdk-ameba1-v3.4b3_without_NDA\project\realtek_ameba1_va0_example\EWARM-RELEASE\Debug\Obj\ssl_srv.o
#        C:\Users\Administrator\Desktop\sdk-ameba1-v3.4b3_without_NDA\project\realtek_ameba1_va0_example\EWARM-RELEASE\Debug\Obj\ssl_tls.o
#        C:\Users\Administrator\Desktop\sdk-ameba1-v3.4b3_without_NDA\project\realtek_ameba1_va0_example\EWARM-RELEASE\Debug\Obj\stats.o
#        C:\Users\Administrator\Desktop\sdk-ameba1-v3.4b3_without_NDA\project\realtek_ameba1_va0_example\EWARM-RELEASE\Debug\Obj\stdlib_patch.o
#        C:\Users\Administrator\Desktop\sdk-ameba1-v3.4b3_without_NDA\project\realtek_ameba1_va0_example\EWARM-RELEASE\Debug\Obj\sys.o
#        C:\Users\Administrator\Desktop\sdk-ameba1-v3.4b3_without_NDA\project\realtek_ameba1_va0_example\EWARM-RELEASE\Debug\Obj\sys_api.o
#        C:\Users\Administrator\Desktop\sdk-ameba1-v3.4b3_without_NDA\project\realtek_ameba1_va0_example\EWARM-RELEASE\Debug\Obj\sys_arch.o
#        C:\Users\Administrator\Desktop\sdk-ameba1-v3.4b3_without_NDA\project\realtek_ameba1_va0_example\EWARM-RELEASE\Debug\Obj\system_8195a.o
#        C:\Users\Administrator\Desktop\sdk-ameba1-v3.4b3_without_NDA\project\realtek_ameba1_va0_example\EWARM-RELEASE\Debug\Obj\tasks.o
#        C:\Users\Administrator\Desktop\sdk-ameba1-v3.4b3_without_NDA\project\realtek_ameba1_va0_example\EWARM-RELEASE\Debug\Obj\tcm_heap.o
#        C:\Users\Administrator\Desktop\sdk-ameba1-v3.4b3_without_NDA\project\realtek_ameba1_va0_example\EWARM-RELEASE\Debug\Obj\tcp.o
#        C:\Users\Administrator\Desktop\sdk-ameba1-v3.4b3_without_NDA\project\realtek_ameba1_va0_example\EWARM-RELEASE\Debug\Obj\tcp_in.o
#        C:\Users\Administrator\Desktop\sdk-ameba1-v3.4b3_without_NDA\project\realtek_ameba1_va0_example\EWARM-RELEASE\Debug\Obj\tcp_out.o
#        C:\Users\Administrator\Desktop\sdk-ameba1-v3.4b3_without_NDA\project\realtek_ameba1_va0_example\EWARM-RELEASE\Debug\Obj\tcpip.o
#        C:\Users\Administrator\Desktop\sdk-ameba1-v3.4b3_without_NDA\project\realtek_ameba1_va0_example\EWARM-RELEASE\Debug\Obj\tcptest.o
#        C:\Users\Administrator\Desktop\sdk-ameba1-v3.4b3_without_NDA\project\realtek_ameba1_va0_example\EWARM-RELEASE\Debug\Obj\threading.o
#        C:\Users\Administrator\Desktop\sdk-ameba1-v3.4b3_without_NDA\project\realtek_ameba1_va0_example\EWARM-RELEASE\Debug\Obj\timer_api.o
#        C:\Users\Administrator\Desktop\sdk-ameba1-v3.4b3_without_NDA\project\realtek_ameba1_va0_example\EWARM-RELEASE\Debug\Obj\timers.o
#        C:\Users\Administrator\Desktop\sdk-ameba1-v3.4b3_without_NDA\project\realtek_ameba1_va0_example\EWARM-RELEASE\Debug\Obj\timing.o
#        C:\Users\Administrator\Desktop\sdk-ameba1-v3.4b3_without_NDA\project\realtek_ameba1_va0_example\EWARM-RELEASE\Debug\Obj\uart_adapter.o
#        C:\Users\Administrator\Desktop\sdk-ameba1-v3.4b3_without_NDA\project\realtek_ameba1_va0_example\EWARM-RELEASE\Debug\Obj\uart_socket.o
#        C:\Users\Administrator\Desktop\sdk-ameba1-v3.4b3_without_NDA\project\realtek_ameba1_va0_example\EWARM-RELEASE\Debug\Obj\udp.o
#        C:\Users\Administrator\Desktop\sdk-ameba1-v3.4b3_without_NDA\project\realtek_ameba1_va0_example\EWARM-RELEASE\Debug\Obj\update.o
#        C:\Users\Administrator\Desktop\sdk-ameba1-v3.4b3_without_NDA\project\realtek_ameba1_va0_example\EWARM-RELEASE\Debug\Obj\us_ticker.o
#        C:\Users\Administrator\Desktop\sdk-ameba1-v3.4b3_without_NDA\project\realtek_ameba1_va0_example\EWARM-RELEASE\Debug\Obj\us_ticker_api.o
#        C:\Users\Administrator\Desktop\sdk-ameba1-v3.4b3_without_NDA\project\realtek_ameba1_va0_example\EWARM-RELEASE\Debug\Obj\version.o
#        C:\Users\Administrator\Desktop\sdk-ameba1-v3.4b3_without_NDA\project\realtek_ameba1_va0_example\EWARM-RELEASE\Debug\Obj\version_features.o
#        C:\Users\Administrator\Desktop\sdk-ameba1-v3.4b3_without_NDA\project\realtek_ameba1_va0_example\EWARM-RELEASE\Debug\Obj\wait_api.o
#        C:\Users\Administrator\Desktop\sdk-ameba1-v3.4b3_without_NDA\project\realtek_ameba1_va0_example\EWARM-RELEASE\Debug\Obj\wdt_api.o
#        C:\Users\Administrator\Desktop\sdk-ameba1-v3.4b3_without_NDA\project\realtek_ameba1_va0_example\EWARM-RELEASE\Debug\Obj\webserver.o
#        C:\Users\Administrator\Desktop\sdk-ameba1-v3.4b3_without_NDA\project\realtek_ameba1_va0_example\EWARM-RELEASE\Debug\Obj\wifi_conf.o
#        C:\Users\Administrator\Desktop\sdk-ameba1-v3.4b3_without_NDA\project\realtek_ameba1_va0_example\EWARM-RELEASE\Debug\Obj\wifi_ind.o
#        C:\Users\Administrator\Desktop\sdk-ameba1-v3.4b3_without_NDA\project\realtek_ameba1_va0_example\EWARM-RELEASE\Debug\Obj\wifi_interactive_mode.o
#        C:\Users\Administrator\Desktop\sdk-ameba1-v3.4b3_without_NDA\project\realtek_ameba1_va0_example\EWARM-RELEASE\Debug\Obj\wifi_promisc.o
#        C:\Users\Administrator\Desktop\sdk-ameba1-v3.4b3_without_NDA\project\realtek_ameba1_va0_example\EWARM-RELEASE\Debug\Obj\wifi_simple_config.o
#        C:\Users\Administrator\Desktop\sdk-ameba1-v3.4b3_without_NDA\project\realtek_ameba1_va0_example\EWARM-RELEASE\Debug\Obj\wifi_util.o
#        C:\Users\Administrator\Desktop\sdk-ameba1-v3.4b3_without_NDA\project\realtek_ameba1_va0_example\EWARM-RELEASE\Debug\Obj\wifi_wps_config.o
#        C:\Users\Administrator\Desktop\sdk-ameba1-v3.4b3_without_NDA\project\realtek_ameba1_va0_example\EWARM-RELEASE\Debug\Obj\wigadget.o
#        C:\Users\Administrator\Desktop\sdk-ameba1-v3.4b3_without_NDA\project\realtek_ameba1_va0_example\EWARM-RELEASE\Debug\Obj\wlan_network.o
#        C:\Users\Administrator\Desktop\sdk-ameba1-v3.4b3_without_NDA\project\realtek_ameba1_va0_example\EWARM-RELEASE\Debug\Obj\x509.o
#        C:\Users\Administrator\Desktop\sdk-ameba1-v3.4b3_without_NDA\project\realtek_ameba1_va0_example\EWARM-RELEASE\Debug\Obj\x509_create.o
#        C:\Users\Administrator\Desktop\sdk-ameba1-v3.4b3_without_NDA\project\realtek_ameba1_va0_example\EWARM-RELEASE\Debug\Obj\x509_crl.o
#        C:\Users\Administrator\Desktop\sdk-ameba1-v3.4b3_without_NDA\project\realtek_ameba1_va0_example\EWARM-RELEASE\Debug\Obj\x509_crt.o
#        C:\Users\Administrator\Desktop\sdk-ameba1-v3.4b3_without_NDA\project\realtek_ameba1_va0_example\EWARM-RELEASE\Debug\Obj\x509_csr.o
#        C:\Users\Administrator\Desktop\sdk-ameba1-v3.4b3_without_NDA\project\realtek_ameba1_va0_example\EWARM-RELEASE\Debug\Obj\x509write_crt.o
#        C:\Users\Administrator\Desktop\sdk-ameba1-v3.4b3_without_NDA\project\realtek_ameba1_va0_example\EWARM-RELEASE\Debug\Obj\x509write_csr.o
#        C:\Users\Administrator\Desktop\sdk-ameba1-v3.4b3_without_NDA\project\realtek_ameba1_va0_example\EWARM-RELEASE\Debug\Obj\xml.o
#        C:\Users\Administrator\Desktop\sdk-ameba1-v3.4b3_without_NDA\project\realtek_ameba1_va0_example\EWARM-RELEASE\Debug\Obj\xtea.o
#        -o
#        C:\Users\Administrator\Desktop\sdk-ameba1-v3.4b3_without_NDA\project\realtek_ameba1_va0_example\EWARM-RELEASE\Debug\Exe\application.axf
#        --redirect _Printf=_PrintfTiny --redirect _Scanf=_ScanfSmallNoMb
#        --keep bootloader --keep gImage2EntryFun0 --keep RAM_IMG2_VALID_PATTEN
#        --image_input=C:\Users\Administrator\Desktop\sdk-ameba1-v3.4b3_without_NDA\project\realtek_ameba1_va0_example\EWARM-RELEASE\..\..\..\component\soc\realtek\8195a\misc\bsp\image\ram_1.r.bin,bootloader,LOADER,4
#        --map
#        C:\Users\Administrator\Desktop\sdk-ameba1-v3.4b3_without_NDA\project\realtek_ameba1_va0_example\EWARM-RELEASE\Debug\List\application.map
#        --log veneers --log_file
#        C:\Users\Administrator\Desktop\sdk-ameba1-v3.4b3_without_NDA\project\realtek_ameba1_va0_example\EWARM-RELEASE\Debug\List\application.log
#        --config
#        C:\Users\Administrator\Desktop\sdk-ameba1-v3.4b3_without_NDA\project\realtek_ameba1_va0_example\EWARM-RELEASE\image2.icf
#        --diag_suppress Lt009,Lp005,Lp006 --entry Reset_Handler
#        --no_exceptions --no_vfe --text_out locale)
#
###############################################################################

*******************************************************************************
*** RUNTIME MODEL ATTRIBUTES
***

CppFlavor       = *
__Heap_Handler  = DLMalloc
__SystemLibrary = DLib
__dlib_version  = 6


*******************************************************************************
*** HEAP SELECTION
***

The advanced heap was selected because the application calls memory
allocation functions outside of system library functions, and there
are calls to deallocation functions in the application.


*******************************************************************************
*** PLACEMENT SUMMARY
***

"A0":  place at start of [0x00000000-0x000fffff] { ro, section .rom };
"A1":  place at start of [0x10000000-0x10005fff] {
          rw, block .vector_table, block .user_vector_table,
          block .user_data_table, block .rom.bss, block IMAGE1 };
"A2":  place at start of [0x10006000-0x1006ffff] {
          rw, block IMAGE2, block .ram.bss };
"A3":  place at end of [0x10006000-0x1006ffff] { rw, block .bf_data };
"A5":  place at start of [0x1fff0000-0x1fffffff] { rw, overlay TCM_overlay };
keep { section .ram_dedecated_vector_table* };
keep { section .ram_user_define_irq_table* };
keep { section .ram_user_define_data_table* };
keep { section .start.ram.data* };
keep { section .image1.validate.rodata* };
keep { section .hal.ram.data* };
keep { section .image2.ram.data* };
keep { section .image2.validate.rodata*, section .custom.validate.rodata* };

  Section                 Kind        Address     Size  Object
  -------                 ----        -------     ----  ------
"A0":                                          0x43828
  .rom                    ro code  0x00000000  0x43828  rom.o [11]
                                 - 0x00043828  0x43828

"A1":                                           0x42b0
  .vector_table                    0x10000000    0x100  <Block>
    .ram_dedecated_vector_table
                          rw data  0x10000000    0x100  rom.o [11]
  .user_vector_table               0x10000100    0x100  <Block>
    .ram_user_define_irq_table
                          rw data  0x10000100    0x100  rom.o [11]
  .user_data_table                 0x10000200    0x100  <Block>
    .ram_user_define_data_table
                          rw data  0x10000200    0x100  rom.o [11]
  .rom.bss                         0x10000300    0x8c8  <Block>
    .hal.ram.bss          rw data  0x10000300     0x58  rom.o [11]
    .timer2_7_vector_table.data
                          rw data  0x10000358     0x18  rom.o [11]
    .infra.ram.bss        rw data  0x10000370     0x14  rom.o [11]
    .mon.ram.bss          zero     0x10000384    0x324  rtl_consol.o [2]
    .mon.ram.bss          zero     0x100006a8      0x4  rtl_consol.o [2]
    .mon.ram.bss          zero     0x100006ac     0x28  rtl_consol.o [2]
    .wlan_ram_map         rw data  0x100006d4      0x8  rom_wlan_ram_map.o [11]
    .wlan_ram_map         rw data  0x100006e0     0x80  rom.o [11]
    .libc.ram.bss         rw data  0x10000760    0x468  rom.o [11]
  IMAGE1                           0x10000bc8   0x36e8  <Block>
    LOADER                const    0x10000bc8   0x36e8  ram_1.r.bin [1]
                                 - 0x100042b0   0x42b0

"A2":                                          0x481c8
  IMAGE2                           0x10006000  0x40b68  <Block>
    .image2.start.table1           0x10006000      0x4  <Block>
      .image2.ram.data    rw data  0x10006000      0x4  startup.o [6]
    .image2.start.table2           0x10006004     0x34  <Block>
      .image2.validate.rodata
                          const    0x10006004     0x14  startup.o [6]
      .custom.validate.rodata
                          const    0x10006018     0x20  update.o [2]
    .ram_image2.text               0x10006038  0x3db78  <Block>
      Veneer              ro code  0x10006038      0x8  - Linker created -
      Veneer              ro code  0x10006040      0x8  - Linker created -
      Veneer              ro code  0x10006048      0x8  - Linker created -
      .infra.ram.start    ro code  0x10006050    0x12c  startup.o [6]
      .rodata             const    0x1000617c     0x60  atcmd_sys.o [2]
      .rodata             const    0x100061dc     0xc0  atcmd_wifi.o [2]
      .rodata             const    0x1000629c    0x124  freertos_service.o [2]
      .rodata             const    0x100063c0      0x8  ip_addr.o [2]
      .rodata             const    0x100063c8     0x10  log_service.o [2]
      .rodata             const    0x100063d8     0xa4  rtw_mlme_ext.o [8]
      .rodata             const    0x1000647c     0x10  lxbus_hci_intf.o [8]
      .rodata             const    0x1000648c   0x1210  rom_rtw_message.o [8]
      .rodata             const    0x1000769c      0x8  rtw_wlan_util.o [8]
      .rodata             const    0x100076a4     0xc4  dh_groups.o [9]
      .rodata             const    0x10007768     0x30  phydm_PowerTracking.o [8]
      .rodata             const    0x10007798     0x86  HalHWImg8195A_RF.o [8]
      .rodata             const    0x1000781e      0x0  zero_init3.o [12]
      Veneer              ro code  0x10007820      0x8  - Linker created -
      Veneer              ro code  0x10007828      0x8  - Linker created -
      Veneer              ro code  0x10007830      0x8  - Linker created -
      Veneer              ro code  0x10007838      0x8  - Linker created -
      Veneer              ro code  0x10007840      0x8  - Linker created -
      Veneer              ro code  0x10007848      0x8  - Linker created -
      .mon.ram.text       ro code  0x10007850    0x1b4  rtl_consol.o [2]
      Veneer              ro code  0x10007a04      0x8  - Linker created -
      Veneer              ro code  0x10007a0c      0x8  - Linker created -
      Veneer              ro code  0x10007a14      0x8  - Linker created -
      .hal.flash.text     ro code  0x10007a1c    0xe78  hal_spi_flash_ram.o [6]
      Veneer              ro code  0x10008894      0x8  - Linker created -
      Veneer              ro code  0x1000889c      0x8  - Linker created -
      .hal.gpio.text      ro code  0x100088a4     0x74  hal_gpio.o [2]
      .text               ro code  0x10008918     0x44  main.o [2]
      .text               ro code  0x1000895c    0x120  analogin_api.o [2]
      Veneer              ro code  0x10008a7c      0x8  - Linker created -
      Veneer              ro code  0x10008a84      0x8  - Linker created -
      Veneer              ro code  0x10008a8c      0x8  - Linker created -
      Veneer              ro code  0x10008a94      0x8  - Linker created -
      Veneer              ro code  0x10008a9c      0x8  - Linker created -
      Veneer              ro code  0x10008aa4      0x8  - Linker created -
      .text               ro code  0x10008aac    0x7c4  hal_adc.o [2]
      Veneer              ro code  0x10009270      0x8  - Linker created -
      Veneer              ro code  0x10009278      0x8  - Linker created -
      Veneer              ro code  0x10009280      0x8  - Linker created -
      .text               ro code  0x10009288    0x804  hal_soc_ps_monitor.o [2]
      Veneer              ro code  0x10009a8c      0x8  - Linker created -
      Veneer              ro code  0x10009a94      0x8  - Linker created -
      .text               ro code  0x10009a9c    0x1d4  gpio_api.o [2]
      .text               ro code  0x10009c70      0x2  pinmap.o [2]
      .text               ro code  0x10009c72      0x6  rtl8195a_recv.o [8]
      Veneer              ro code  0x10009c78      0x8  - Linker created -
      .text               ro code  0x10009c80     0x86  hal_pinmux.o [6]
      .text               ro code  0x10009d06     0x1e  xsscin.o [4]
      .text               ro code  0x10009d24    0x354  api_lib.o [2]
      .text               ro code  0x1000a078    0x998  api_msg.o [2]
      .text               ro code  0x1000aa10    0x1e6  sys_arch.o [2]
      .text               ro code  0x1000abf8     0xd0  memp.o [2]
      .text               ro code  0x1000acc8    0x1e4  tcpip.o [2]
      .text               ro code  0x1000aeac    0x464  pbuf.o [2]
      .text               ro code  0x1000b310     0x72  netbuf.o [2]
      .text               ro code  0x1000b384    0x9ec  tcp.o [2]
      .text               ro code  0x1000bd70    0x41c  udp.o [2]
      .text               ro code  0x1000c18c    0x16c  raw.o [2]
      .text               ro code  0x1000c2f8    0xa3a  tcp_out.o [2]
      .text               ro code  0x1000cd32    0x4b4  queue.o [2]
      .text               ro code  0x1000d1e8    0x860  tasks.o [2]
      .text               ro code  0x1000da48    0x1dc  port.o [2]
      .text               ro code  0x1000dc24    0x240  lwip_timers.o [2]
      .text               ro code  0x1000de64    0x6a8  etharp.o [2]
      .text               ro code  0x1000e50c    0x350  ip.o [2]
      .text               ro code  0x1000e85c     0x2e  init.o [2]
      .text               ro code  0x1000e88c    0x24c  mem.o [2]
      Veneer              ro code  0x1000ead8      0x8  - Linker created -
      Veneer              ro code  0x1000eae0      0x8  - Linker created -
      Veneer              ro code  0x1000eae8      0x8  - Linker created -
      Veneer              ro code  0x1000eaf0      0x8  - Linker created -
      Veneer              ro code  0x1000eaf8      0x8  - Linker created -
      Veneer              ro code  0x1000eb00      0x8  - Linker created -
      Veneer              ro code  0x1000eb08      0x8  - Linker created -
      Veneer              ro code  0x1000eb10      0x8  - Linker created -
      Veneer              ro code  0x1000eb18      0x8  - Linker created -
      Veneer              ro code  0x1000eb20      0x8  - Linker created -
      Veneer              ro code  0x1000eb28      0x8  - Linker created -
      Veneer              ro code  0x1000eb30      0x8  - Linker created -
      .text               ro code  0x1000eb38    0x138  ram_libc.o [7]
      .text               ro code  0x1000ec70    0x1e0  ip_addr.o [2]
      .text               ro code  0x1000ee50     0x2c  def.o [2]
      .text               ro code  0x1000ee7c    0x194  icmp.o [2]
      .text               ro code  0x1000f010    0x156  inet_chksum.o [2]
      .text               ro code  0x1000f166     0x8e  list.o [2]
      .text               ro code  0x1000f1f4    0x1c0  heap_5.o [2]
      .text               ro code  0x1000f3b4    0x2f0  timers.o [2]
      .text               ro code  0x1000f6a4     0xc0  freertos_pmu.o [2]
      .text               ro code  0x1000f764     0x34  port.o [2]
      .text               ro code  0x1000f798    0x500  ip_frag.o [2]
      .text               ro code  0x1000fc98    0xc10  dhcp.o [2]
      .text               ro code  0x100108a8    0x2c2  autoip.o [2]
      .text               ro code  0x10010b6c    0x3b0  igmp.o [2]
      .text               ro code  0x10010f1c    0x380  dns.o [2]
      .text               ro code  0x1001129c      0x6  ABImemclr.o [12]
      .text               ro code  0x100112a4    0xe8c  tcp_in.o [2]
      .text               ro code  0x10012130    0x15c  netif.o [2]
      .text               ro code  0x1001228c    0x7f4  sockets.o [2]
      Veneer              ro code  0x10012a80      0x8  - Linker created -
      .text               ro code  0x10012a88    0x104  ram_libgloss_retarget.o [7]
      .text               ro code  0x10012b8c     0x30  us_ticker.o [2]
      .text               ro code  0x10012bbc    0x38c  sys_api.o [2]
      .text               ro code  0x10012f48     0x1e  sleep.o [2]
      .text               ro code  0x10012f68     0xa8  rand.o [4]
      .text               ro code  0x10013010     0x66  ABImemset.o [12]
      .text               ro code  0x10013078    0x2e0  flash_api.o [2]
      .text               ro code  0x10013358     0x68  osdep_api.o [2]
      .text               ro code  0x100133c0    0x308  hal_log_uart.o [6]
      .text               ro code  0x100136c8     0xa6  ABImemcpy.o [12]
      Veneer              ro code  0x10013770      0x8  - Linker created -
      Veneer              ro code  0x10013778      0x8  - Linker created -
      Veneer              ro code  0x10013780      0x8  - Linker created -
      Veneer              ro code  0x10013788      0x8  - Linker created -
      .text               ro code  0x10013790    0xdac  atcmd_sys.o [2]
      .text               ro code  0x1001453c    0x3dc  log_service.o [2]
      .text               ro code  0x10014918      0x6  ABImemclr4.o [12]
      .text               ro code  0x10014920    0xd40  wifi_util.o [2]
      .text               ro code  0x10015660   0x1838  atcmd_wifi.o [2]
      .text               ro code  0x10016e98     0x32  ABImemset48.o [12]
      .text               ro code  0x10016ecc    0xc84  rtk_wlan_if.o [8]
      .text               ro code  0x10017b50    0x528  osdep_service.o [2]
      .text               ro code  0x10018078     0x28  sscanf.o [4]
      .text               ro code  0x100180a0     0xb4  wifi_ind.o [2]
      .text               ro code  0x10018154   0x1430  wifi_conf.o [2]
      .text               ro code  0x10019584    0x65e  dhcps.o [2]
      .text               ro code  0x10019be4    0x344  lwip_netconf.o [2]
      .text               ro code  0x10019f28    0x22c  ping_test.o [2]
      .text               ro code  0x1001a154    0x478  wifi_promisc.o [2]
      .text               ro code  0x1001a5cc    0xb50  wifi_simple_config.o [2]
      .text               ro code  0x1001b11c    0x8d0  wifi_wps_config.o [2]
      .text               ro code  0x1001b9ec    0x7d4  update.o [2]
      .text               ro code  0x1001c1c0    0x610  freertos_service.o [2]
      .text               ro code  0x1001c7d0    0x360  freertos_skbuff.o [8]
      .text               ro code  0x1001cb30    0xa90  freertos_intfs.o [8]
      .text               ro code  0x1001d5c0    0x284  lwip_intf.o [2]
      .text               ro code  0x1001d844    0x164  tcm_heap.o [2]
      .text               ro code  0x1001d9a8    0x700  xscanfsmall_nomb.o [4]
      Veneer              ro code  0x1001e0a8      0x8  - Linker created -
      Veneer              ro code  0x1001e0b0      0x8  - Linker created -
      Veneer              ro code  0x1001e0b8      0x8  - Linker created -
      Veneer              ro code  0x1001e0c0      0x8  - Linker created -
      Veneer              ro code  0x1001e0c8      0x8  - Linker created -
      Veneer              ro code  0x1001e0d0      0x8  - Linker created -
      .text               ro code  0x1001e0d8    0x8a0  rtw_promisc.o [8]
      Veneer              ro code  0x1001e978      0x8  - Linker created -
      Veneer              ro code  0x1001e980      0x8  - Linker created -
      Veneer              ro code  0x1001e988      0x8  - Linker created -
      Veneer              ro code  0x1001e990      0x8  - Linker created -
      Veneer              ro code  0x1001e998      0x8  - Linker created -
      .text               ro code  0x1001e9a0    0xc34  wifi_simple_config_parser.o [8]
      Veneer              ro code  0x1001f5d4      0x8  - Linker created -
      .text               ro code  0x1001f5dc     0x84  os_freertos.o [9]
      Veneer              ro code  0x1001f660      0x8  - Linker created -
      Veneer              ro code  0x1001f668      0x8  - Linker created -
      Veneer              ro code  0x1001f670      0x8  - Linker created -
      Veneer              ro code  0x1001f678      0x8  - Linker created -
      .text               ro code  0x1001f680    0x3c8  wps_common.o [9]
      .text               ro code  0x1001fa48     0x18  cmsis_os.o [2]
      Veneer              ro code  0x1001fa60      0x8  - Linker created -
      .text               ro code  0x1001fa68   0x2720  freertos_ioctl.o [8]
      .text               ro code  0x10022188    0xf50  rtw_cmd.o [8]
      .text               ro code  0x100230d8     0x60  netdev.o [8]
      .text               ro code  0x10023138    0x3d4  hal_intf.o [8]
      .text               ro code  0x1002350c    0xacc  lxbus_halinit.o [8]
      .text               ro code  0x10023fd8    0x370  rtw_intfs.o [8]
      Veneer              ro code  0x10024348      0x8  - Linker created -
      Veneer              ro code  0x10024350      0x8  - Linker created -
      Veneer              ro code  0x10024358      0x8  - Linker created -
      Veneer              ro code  0x10024360      0x8  - Linker created -
      Veneer              ro code  0x10024368      0x8  - Linker created -
      Veneer              ro code  0x10024370      0x8  - Linker created -
      .text               ro code  0x10024378   0x159c  rtw_ap.o [8]
      Veneer              ro code  0x10025914      0x8  - Linker created -
      Veneer              ro code  0x1002591c      0x8  - Linker created -
      Veneer              ro code  0x10025924      0x8  - Linker created -
      .text               ro code  0x1002592c   0x4778  rtw_mlme_ext.o [8]
      .text               ro code  0x1002a0a4   0x14b4  rtw_mlme.o [8]
      .text               ro code  0x1002b558    0x1f2  rtw_ieee80211.o [8]
      .text               ro code  0x1002b74c     0x38  hci_intfs.o [8]
      .text               ro code  0x1002b784    0x710  rtw_pwrctrl.o [8]
      .text               ro code  0x1002be94    0x150  ethernetif.o [2]
      .text               ro code  0x1002bfe4     0x16  strchr.o [12]
      .text               ro code  0x1002bffc     0x44  xfail_s.o [4]
      .text               ro code  0x1002c040     0x7a  xlocale_c.o [4]
      .text               ro code  0x1002c0bc     0x36  strlen.o [12]
      .text               ro code  0x1002c0f2     0x84  iar_Stolx.o [4]
      .text               ro code  0x1002c178    0x170  iar_Stoulx.o [4]
      Veneer              ro code  0x1002c2e8      0x8  - Linker created -
      .text               ro code  0x1002c2f0   0x11b8  rtw_recv.o [8]
      .text               ro code  0x1002d4a8     0x36  dh_group5.o [9]
      .text               ro code  0x1002d4e0     0xea  wpabuf.o [9]
      Veneer              ro code  0x1002d5cc      0x8  - Linker created -
      .text               ro code  0x1002d5d4    0x334  wps_attr_build.o [9]
      .text               ro code  0x1002d908    0x55a  rtw_ioctl_set.o [8]
      Veneer              ro code  0x1002de64      0x8  - Linker created -
      Veneer              ro code  0x1002de6c      0x8  - Linker created -
      Veneer              ro code  0x1002de74      0x8  - Linker created -
      Veneer              ro code  0x1002de7c      0x8  - Linker created -
      Veneer              ro code  0x1002de84      0x8  - Linker created -
      Veneer              ro code  0x1002de8c      0x8  - Linker created -
      Veneer              ro code  0x1002de94      0x8  - Linker created -
      .text               ro code  0x1002de9c   0x19d8  rtw_psk.o [8]
      .text               ro code  0x1002f874     0x54  rtw_io.o [8]
      .text               ro code  0x1002f8c8    0x5ec  rtw_sta_mgt.o [8]
      .text               ro code  0x1002feb4    0xf64  rtw_wlan_util.o [8]
      .text               ro code  0x10030e18    0xb0c  hal_com.o [8]
      .text               ro code  0x10031924    0xdb4  hal_com_phycfg.o [8]
      Veneer              ro code  0x100326d8      0x8  - Linker created -
      .text               ro code  0x100326e0    0x67c  rtw_efuse.o [8]
      .text               ro code  0x10032d5c    0x204  HalHWImg8195A_BB.o [8]
      .text               ro code  0x10032f60    0xf38  lxbus_ops.o [8]
      .text               ro code  0x10033e98   0x1a5c  rtl8195a_pmu_task.o [8]
      Veneer              ro code  0x100358f4      0x8  - Linker created -
      .text               ro code  0x100358fc   0x231c  rtl8195a_hal_init.o [8]
      Veneer              ro code  0x10037c18      0x8  - Linker created -
      Veneer              ro code  0x10037c20      0x8  - Linker created -
      Veneer              ro code  0x10037c28      0x8  - Linker created -
      .text               ro code  0x10037c30    0x9a0  rtl8195a_phycfg.o [8]
      .text               ro code  0x100385d0    0x546  rtl8195a_dm.o [8]
      Veneer              ro code  0x10038b18      0x8  - Linker created -
      .text               ro code  0x10038b20   0x1480  HalPhyRf_8195A.o [8]
      .text               ro code  0x10039fa0     0xdc  HalPwrSeqCmd.o [8]
      .text               ro code  0x1003a07c     0x18  wlan_ram_map.o [8]
      .text               ro code  0x1003a094    0x426  PhyDM_Adaptivity.o [8]
      .text               ro code  0x1003a4bc    0x3f0  phydm.o [8]
      Veneer              ro code  0x1003a8ac      0x8  - Linker created -
      Veneer              ro code  0x1003a8b4      0x8  - Linker created -
      Veneer              ro code  0x1003a8bc      0x8  - Linker created -
      .text               ro code  0x1003a8c4   0x1638  rtw_xmit.o [8]
      Veneer              ro code  0x1003befc      0x8  - Linker created -
      Veneer              ro code  0x1003bf04      0x8  - Linker created -
      Veneer              ro code  0x1003bf0c      0x8  - Linker created -
      Veneer              ro code  0x1003bf14      0x8  - Linker created -
      Veneer              ro code  0x1003bf1c      0x8  - Linker created -
      Veneer              ro code  0x1003bf24      0x8  - Linker created -
      .text               ro code  0x1003bf2c    0x30c  rtw_security.o [8]
      .text               ro code  0x1003c238     0xfa  freertos_xmit.o [8]
      .text               ro code  0x1003c332      0x6  abort.o [4]
      .text               ro code  0x1003c338     0x14  xencoding_8859_1.o [4]
      .text               ro code  0x1003c34c     0x58  memchr.o [12]
      .text               ro code  0x1003c3a4    0x1f4  freertos_recv.o [8]
      .text               ro code  0x1003c598     0xfe  dh_groups.o [9]
      .text               ro code  0x1003c698    0x158  random.o [9]
      .text               ro code  0x1003c7f0     0xda  phydm_RegConfig8195A.o [8]
      .text               ro code  0x1003c8cc    0x8f4  rtl8195a_xmit.o [8]
      .text               ro code  0x1003d1c0    0x2ba  rtl8195a_rxdesc.o [8]
      Veneer              ro code  0x1003d47c      0x8  - Linker created -
      Veneer              ro code  0x1003d484      0x8  - Linker created -
      .text               ro code  0x1003d48c    0x44c  rtl8195a_timer.o [2]
      .text               ro code  0x1003d8d8    0x77a  Hal8195ARateAdaptive.o [8]
      .text               ro code  0x1003e054    0x548  rtl8195a_cmd.o [8]
      .text               ro code  0x1003e59c    0x390  phydm_RaInfo.o [8]
      Veneer              ro code  0x1003e92c      0x8  - Linker created -
      .text               ro code  0x1003e934    0x614  phydm_DIG.o [8]
      Veneer              ro code  0x1003ef48      0x8  - Linker created -
      Veneer              ro code  0x1003ef50      0x8  - Linker created -
      .text               ro code  0x1003ef58    0x408  phydm_HWConfig.o [8]
      .text               ro code  0x1003f360    0x172  rtl8195a_rf6052.o [8]
      .text               ro code  0x1003f4d2     0x58  phydm_interface.o [8]
      .text               ro code  0x1003f52c    0x464  HalPhyRf.o [8]
      Veneer              ro code  0x1003f990      0x8  - Linker created -
      Veneer              ro code  0x1003f998      0x8  - Linker created -
      Veneer              ro code  0x1003f9a0      0x8  - Linker created -
      .text               ro code  0x1003f9a8     0x7c  phydm_CfoTracking.o [8]
      .text               ro code  0x1003fa24    0x228  phydm_PowerTracking.o [8]
      .text               ro code  0x1003fc4c     0x14  phydm_debug.o [8]
      .text               ro code  0x1003fc60      0xc  XXexit.o [12]
      Veneer              ro code  0x1003fc6c      0x8  - Linker created -
      Veneer              ro code  0x1003fc74      0x8  - Linker created -
      Veneer              ro code  0x1003fc7c      0x8  - Linker created -
      Veneer              ro code  0x1003fc84      0x8  - Linker created -
      Veneer              ro code  0x1003fc8c      0x8  - Linker created -
      .text               ro code  0x1003fc94     0x9a  crypto_internal-modexp.o [9]
      .text               ro code  0x1003fd30    0x17a  rtl8195a_pmu_cmd.o [8]
      .text               ro code  0x1003feac     0x1e  U64Shr.o [12]
      .text               ro code  0x1003fecc    0x21c  HalHWImg8195A_RF.o [8]
      .text               ro code  0x100400e8    0x150  HalHWImg8195A_MAC.o [8]
      .text               ro code  0x10040238    0x1d8  example_wlan_fast_connect.o [2]
      .text               ro code  0x10040410     0x94  hal_32k.o [2]
      .text               ro code  0x100404a4     0x68  hal_gdma.o [2]
      .text               ro code  0x1004050c     0x3c  hal_timer.o [2]
      .text               ro code  0x10040548    0x320  rtl8195a_adc.o [2]
      Veneer              ro code  0x10040868      0x8  - Linker created -
      .text               ro code  0x10040870    0x3e8  rtl8195a_gdma.o [2]
      Veneer              ro code  0x10040c58      0x8  - Linker created -
      Veneer              ro code  0x10040c60      0x8  - Linker created -
      .text               ro code  0x10040c68     0x90  rtl_consol.o [2]
      .text               ro code  0x10040cf8     0x70  strncpy.o [12]
      .text               ro code  0x10040d68     0x14  system_8195a.o [2]
      .text               ro code  0x10040d7c     0xdc  wlan_network.o [2]
      Veneer              ro code  0x10040e58      0x8  - Linker created -
      Veneer              ro code  0x10040e60      0x8  - Linker created -
      .text               ro code  0x10040e68    0x1f8  startup.o [6]
      Veneer              ro code  0x10041060      0x8  - Linker created -
      .text               ro code  0x10041068     0x24  hal_crypto.o [6]
      .text               ro code  0x1004108c     0x78  freertos_isr.o [8]
      .text               ro code  0x10041104    0x598  wps_protocol_handler.o [9]
      .text               ro code  0x1004169c    0x3a0  eap_wsc.o [9]
      .text               ro code  0x10041a3c    0x1a4  wps.o [9]
      .text               ro code  0x10041be0    0x11c  eap_common.o [9]
      .text               ro code  0x10041cfc     0x3e  eap_wsc_common.o [9]
      .text               ro code  0x10041d3c    0x2f8  wps_dev_attr.o [9]
      .text               ro code  0x10042034    0xa4e  wps_enrollee.o [9]
      .text               ro code  0x10042a82    0x476  wps_attr_parse.o [9]
      .text               ro code  0x10042ef8    0x1c6  wps_attr_process.o [9]
      .text               ro code  0x100430be    0x838  wps_validate.o [9]
      .text               ro code  0x100438f8     0x10  hal_common.o [6]
      .text               ro code  0x10043908     0x28  app_start.o [6]
      .text               ro code  0x10043930     0x28  data_init.o [12]
      .text               ro code  0x10043958    0x124  lxbus_hci_intf.o [8]
      .text               ro code  0x10043a7c     0x54  lxbus_intf.o [8]
      .text               ro code  0x10043ad0      0x6  example_entry.o [2]
      .text               ro code  0x10043ad6      0x4  rtl8195a_led.o [8]
      .text               ro code  0x10043ada     0x40  zero_init3.o [12]
      CODE                ro code  0x10043b1c     0x94  portasm.o [2]
    .ram.data                      0x10043bb0   0x2fb8  <Block>
      .data.log_init               0x10043bb0      0xc  <Block>
        .data.log_init    rw data  0x10043bb0      0x4  atcmd_sys.o [2]
        .data.log_init    rw data  0x10043bb4      0x4  atcmd_wifi.o [2]
        .data.log_init    rw data  0x10043bb8      0x4  log_service.o [2]
      .data               rw data  0x10043bbc      0x8  atcmd_sys.o [2]
      .data               rw data  0x10043bc4     0xc0  atcmd_sys.o [2]
      .data               rw data  0x10043c84    0x180  atcmd_wifi.o [2]
      .data               rw data  0x10043e04     0x78  dhcps.o [2]
      .data               rw data  0x10043e7c      0x4  freertos_pmu.o [2]
      .data               rw data  0x10043e80      0xc  freertos_pmu.o [2]
      .data               rw data  0x10043e8c      0x4  freertos_service.o [2]
      .data               rw data  0x10043e90     0x20  log_service.o [2]
      .data               rw data  0x10043eb0      0x4  port.o [2]
      .data               rw data  0x10043eb4      0x4  system_8195a.o [2]
      .data               rw data  0x10043eb8     0x9c  tasks.o [2]
      .data               rw data  0x10043f54     0x20  tcp.o [2]
      .data               rw data  0x10043f74      0x8  udp.o [2]
      .data               rw data  0x10043f7c      0xc  wifi_conf.o [2]
      .data               rw data  0x10043f88      0x8  rtw_psk.o [8]
      .data               rw data  0x10043f90     0xd4  wifi_simple_config_parser.o [8]
      .data               rw data  0x10044064      0x8  wifi_simple_config_parser.o [8]
      .data               rw data  0x1004406c     0xa8  rtw_mlme_ext.o [8]
      .data               rw data  0x10044114     0x38  freertos_ioctl.o [8]
      .data               rw data  0x1004414c    0x1bc  rom_rtw_message.o [8]
      .data               rw data  0x10044308      0x8  rtw_xmit.o [8]
      .data               rw data  0x10044310     0x40  Hal8195ARateAdaptive.o [8]
      .data               rw data  0x10044350     0x40  Hal8195ARateAdaptive.o [8]
      .data               rw data  0x10044390     0x14  Hal8195ARateAdaptive.o [8]
      .data               rw data  0x100443a4    0x210  HalHWImg8195A_BB.o [8]
      .data               rw data  0x100445b4    0x678  HalHWImg8195A_BB.o [8]
      .data               rw data  0x10044c2c     0x90  HalHWImg8195A_BB.o [8]
      .data               rw data  0x10044cbc     0xa0  Hal8195APwrSeq.o [8]
      .data               rw data  0x10044d5c     0xa0  Hal8195APwrSeq.o [8]
      .data               rw data  0x10044dfc     0x14  dh_groups.o [9]
      .data               rw data  0x10044e10    0x308  HalHWImg8195A_MAC.o [8]
      .data               rw data  0x10045118    0x5c8  HalHWImg8195A_RF.o [8]
      .data               rw data  0x100456e0     0x80  HalHWImg8195A_RF.o [8]
      .data               rw data  0x10045760     0x80  HalHWImg8195A_RF.o [8]
      .data               rw data  0x100457e0     0x80  HalHWImg8195A_RF.o [8]
      .data               rw data  0x10045860   0x1260  HalHWImg8195A_RF.o [8]
      .data               rw data  0x10046ac0     0x40  HalHWImg8195A_RF.o [8]
      .data               rw data  0x10046b00      0x8  rand.o [4]
      .data               rw data  0x10046b08      0x2  tcp.o [2]
      .data               rw data  0x10046b0a      0x3  freertos_intfs.o [8]
      .iar.init_table     const    0x10046b10     0x58  - Linker created -
  .ram.bss                         0x10046b80   0x7660  <Block>
    .bss                  zero     0x10046b80    0x500  hal_crypto.o [6]
    .bss                  zero     0x10047080    0x340  rtw_mlme_ext.o [8]
    .bss                  zero     0x100473c0     0x38  atcmd_wifi.o [2]
    .bss                  zero     0x100473f8     0x78  atcmd_wifi.o [2]
    .bss                  zero     0x10047470      0x4  atcmd_wifi.o [2]
    .bss                  zero     0x10047474     0x34  dhcp.o [2]
    .bss                  zero     0x100474a8      0x4  dhcp.o [2]
    .bss                  zero     0x100474ac    0x214  dns.o [2]
    .bss                  zero     0x100476c0    0x460  dns.o [2]
    .bss                  zero     0x10047b20     0xc8  etharp.o [2]
    .bss                  zero     0x10047be8      0x4  ethernetif.o [2]
    .bss                  zero     0x10047bec      0x4  example_wlan_fast_connect.o [2]
    .bss                  zero     0x10047bf0      0xc  hal_adc.o [2]
    .bss                  zero     0x10047bfc     0x2c  hal_adc.o [2]
    .bss                  zero     0x10047c28    0x28d  hal_soc_ps_monitor.o [2]
    .bss                  zero     0x10047eb6      0x2  ip.o [2]
    .bss                  zero     0x10047eb8     0x3c  heap_5.o [2]
    .bss                  zero     0x10047ef4      0xc  igmp.o [2]
    .bss                  zero     0x10047f00     0x10  ip.o [2]
    .bss                  zero     0x10047f10     0x10  ip_addr.o [2]
    .bss                  zero     0x10047f20      0x8  ip_frag.o [2]
    .bss                  zero     0x10047f28    0x100  log_service.o [2]
    .bss                  zero     0x10048028     0x70  log_service.o [2]
    .bss                  zero     0x10048098     0x78  lwip_netconf.o [2]
    .bss                  zero     0x10048110      0x4  lwip_timers.o [2]
    .bss                  zero     0x10048114      0x4  lwip_timers.o [2]
    .bss                  zero     0x10048118      0xc  netif.o [2]
    .bss                  zero     0x10048124      0x4  osdep_service.o [2]
    .bss                  zero     0x10048128     0x28  ping_test.o [2]
    .bss                  zero     0x10048150      0xc  port.o [2]
    .bss                  zero     0x1004815c      0x4  raw.o [2]
    .bss                  zero     0x10048160     0x18  rtl8195a_timer.o [2]
    .bss                  zero     0x10048178     0x60  sockets.o [2]
    .bss                  zero     0x100481d8      0x8  sockets.o [2]
    .bss                  zero     0x100481e0     0x34  sys_arch.o [2]
    .bss                  zero     0x10048214     0xdc  tasks.o [2]
    .bss                  zero     0x100482f0      0xc  tcm_heap.o [2]
    .bss                  zero     0x100482fc     0x30  tcp_in.o [2]
    .bss                  zero     0x1004832c      0xc  tcpip.o [2]
    .bss                  zero     0x10048338     0x38  timers.o [2]
    .bss                  zero     0x10048370      0x4  update.o [2]
    .bss                  zero     0x10048374     0x24  wifi_conf.o [2]
    .bss                  zero     0x10048398      0x8  wifi_conf.o [2]
    .bss                  zero     0x100483a0     0x18  wifi_conf.o [2]
    .bss                  zero     0x100483b8    0x168  wifi_ind.o [2]
    .bss                  zero     0x10048520      0x8  wifi_promisc.o [2]
    .bss                  zero     0x10048528     0x78  wifi_promisc.o [2]
    .bss                  zero     0x100485a0     0x40  wifi_simple_config.o [2]
    .bss                  zero     0x100485e0     0x28  wifi_wps_config.o [2]
    .bss                  zero     0x10048608      0x8  startup.o [6]
    .bss                  zero     0x10048610      0x4  ram_libc.o [7]
    .bss                  zero     0x10048614     0x40  rtk_wlan_if.o [8]
    .bss                  zero     0x10048654      0x4  freertos_intfs.o [8]
    .bss                  zero     0x10048658      0xc  freertos_intfs.o [8]
    .bss                  zero     0x10048664     0x14  freertos_intfs.o [8]
    .bss                  zero     0x10048678    0x11c  rtw_psk.o [8]
    .bss                  zero     0x10048794     0x44  rtw_psk.o [8]
    .bss                  zero     0x100487d8      0x4  freertos_skbuff.o [8]
    .bss                  zero     0x100487dc    0x1b8  freertos_skbuff.o [8]
    .bss                  zero     0x10048994     0x18  freertos_skbuff.o [8]
    .bss                  zero     0x100489ac      0x4  freertos_isr.o [8]
    .bss                  zero     0x100489b0      0x8  rtw_promisc.o [8]
    .bss                  zero     0x100489b8      0x4  rtw_mlme.o [8]
    .bss                  zero     0x100489bc      0x4  wifi_simple_config_parser.o [8]
    .bss                  zero     0x100489c0     0x10  wps_protocol_handler.o [9]
    .bss                  zero     0x100489d0      0x4  ram_libgloss_retarget.o [7]
    .bss                  zero     0x100489d4      0x4  rtl8195a_pmu_task.o [8]
    .bss                  zero     0x100489d8   0x20e0  lxbus_ops.o [8]
    .bss                  zero     0x1004aab8     0x1c  eap_wsc.o [9]
    .bss                  zero     0x1004aad4     0x80  random.o [9]
    .bss                  zero     0x1004ab54     0x20  random.o [9]
    .bss                  zero     0x1004ab74     0x84  rand.o [4]
    .bss                  zero     0x1004abf8      0x4  xfail_s.o [4]
    .bss                  zero     0x1004abfc      0x1  etharp.o [2]
    .bss                  zero     0x1004abfd      0x1  pbuf.o [2]
    .bss                  zero     0x1004abfe      0x1  tcp.o [2]
    .bss                  zero     0x1004abff      0x1  wifi_conf.o [2]
    .bss                  zero     0x1004ac00      0x1  wifi_promisc.o [2]
    .bss                  zero     0x1004ac01      0x1  rtl8195a_pmu_task.o [8]
    .bss                  zero     0x1004ac02      0x1  rtw_mlme_ext.o [8]
    .bss                  zero     0x1004ac03      0x1  lxbus_ops.o [8]
    .hal.flash.data       zero     0x1004ac04     0x90  hal_spi_flash_ram.o [6]
    .hal.gpio.data        zero     0x1004ac94    0x12c  hal_gpio.o [2]
    .bdsram.data          zero     0x1004adc0   0x3400  freertos_skbuff.o [8]
    .bdsram.data          zero     0x1004e1c0      0x8  freertos_skbuff.o [8]
                                 - 0x1004e1c8  0x481c8

"A3":                                           0xf000
  .bf_data                         0x10061000   0xf000  <Block>
    .bfsram.data          zero     0x10061000   0xf000  heap_5.o [2]
                                 - 0x10070000   0xf000

"A5":                                           0xf338
  TCM_overlay                      0x1fff0000   0xf338  <Overlay>
    part 1:
      IMAGE1_DBG                   0x1fff0000   0x24c4  <Block>
        .ram.start.table           0x1fff0000     0x14  <Block>
          .start.ram.data.a
                          rw data  0x1fff0000      0x4  startup.o [6]
          .start.ram.data.b
                          rw data  0x1fff0004      0x4  startup.o [6]
          .start.ram.data.c
                          rw data  0x1fff0008      0x4  startup.o [6]
          .start.ram.data.d
                          rw data  0x1fff000c      0x4  startup.o [6]
          .start.ram.data.e
                          rw data  0x1fff0010      0x4  startup.o [6]
        .ram_image1.data           0x1fff0014   0x14d0  <Block>
          .image1.validate.rodata
                          const    0x1fff0014      0x8  startup.o [6]
          .cutb.ram.data  rw data  0x1fff001c     0x10  hal_sdr_controller.o [2]
          .cutb.ram.data  rw data  0x1fff002c     0x1c  hal_sdr_controller.o [2]
          .cutb.ram.data  rw data  0x1fff0048     0x34  hal_sdr_controller.o [2]
          .cutb.ram.data  rw data  0x1fff007c     0x14  hal_sdr_controller.o [2]
          .cutb.ram.data  rw data  0x1fff0090      0x4  hal_sdr_controller.o [2]
          .cutb.ram.data  zero     0x1fff0094   0x1000  hal_sdr_controller.o [2]
          .hal.ram.data   rw data  0x1fff1098    0x430  rom.o [11]
          .hal.ram.data   rw data  0x1fff14c8      0xc  hal_sdr_controller.o [2]
          .hal.ram.data   zero     0x1fff14d4     0x10  startup.o [6]
        .ram_image1.bss            0x1fff14e4      0x0  <Block>
        .ram_image1.text           0x1fff14e4    0xfe0  <Block>
          Veneer          ro code  0x1fff14e4      0x8  - Linker created -
          Veneer          ro code  0x1fff14ec      0x8  - Linker created -
          Veneer          ro code  0x1fff14f4      0x8  - Linker created -
          Veneer          ro code  0x1fff14fc      0x8  - Linker created -
          Veneer          ro code  0x1fff1504      0x8  - Linker created -
          Veneer          ro code  0x1fff150c      0x8  - Linker created -
          Veneer          ro code  0x1fff1514      0x8  - Linker created -
          Veneer          ro code  0x1fff151c      0x8  - Linker created -
          Veneer          ro code  0x1fff1524      0x8  - Linker created -
          Veneer          ro code  0x1fff152c      0x8  - Linker created -
          Veneer          ro code  0x1fff1534      0x8  - Linker created -
          Veneer          ro code  0x1fff153c      0x8  - Linker created -
          Veneer          ro code  0x1fff1544      0x8  - Linker created -
          Veneer          ro code  0x1fff154c      0x8  - Linker created -
          Veneer          ro code  0x1fff1554      0x8  - Linker created -
          Veneer          ro code  0x1fff155c      0x8  - Linker created -
          Veneer          ro code  0x1fff1564      0x8  - Linker created -
          Veneer          ro code  0x1fff156c      0x8  - Linker created -
          Veneer          ro code  0x1fff1574      0x8  - Linker created -
          Veneer          ro code  0x1fff157c      0x8  - Linker created -
          Veneer          ro code  0x1fff1584      0x8  - Linker created -
          Veneer          ro code  0x1fff158c      0x8  - Linker created -
          Veneer          ro code  0x1fff1594      0x8  - Linker created -
          .hal.ram.text   ro code  0x1fff159c    0x71c  startup.o [6]
          Veneer          ro code  0x1fff1cb8      0x8  - Linker created -
          .hal.sdrc.text  ro code  0x1fff1cc0    0x804  hal_sdr_controller.o [2]
    part 2:
      .bss                zero     0x1fff0000   0x1424  mem.o [2]
      .bss                zero     0x1fff1424   0x3f10  memp.o [2]
      .tcm.heap           zero     0x1fff5334   0xa000  tcm_heap.o [2]
      .heap                        0x1ffff334      0x4  <Block>
        .heap.stdlib      zero     0x1ffff334      0x1  ram_libgloss_retarget.o [7]
                                 - 0x1ffff338   0xf338


*******************************************************************************
*** INIT TABLE
***

          Address     Size
          -------     ----
Zero (__iar_zero_init3)
    8 destination ranges, total size 0x25ccd:
          0x10000384   0x350
          0x10046b80  0x4084
          0x1004ac04    0x90
          0x1004ac94   0x12c
          0x1004adc0  0x3408
          0x10061000  0xf000
          0x1fff0000  0xf334
          0x1ffff334     0x1



*******************************************************************************
*** MODULE SUMMARY
***

    Module                       ro code  rw code  ro data  rw data
    ------                       -------  -------  -------  -------
C:\Users\Administrator\Desktop\sdk-ameba1-v3.4b3_without_NDA\project\realtek_ameba1_va0_example\EWARM-RELEASE\..\..\..\component\soc\realtek\8195a\misc\bsp\image: [1]
    ram_1.r.bin                                     14 056
    ---------------------------------------------------------------
    Total:                                          14 056

C:\Users\Administrator\Desktop\sdk-ameba1-v3.4b3_without_NDA\project\realtek_ameba1_va0_example\EWARM-RELEASE\Debug\Obj: [2]
    analogin_api.o                   288
    api_lib.o                        852
    api_msg.o                      2 456
    atcmd_sys.o                    3 500                96      204
    atcmd_wifi.o                   6 200               192      568
    autoip.o                         706
    cmsis_os.o                        24
    def.o                             44
    dhcp.o                         3 088                         56
    dhcps.o                        1 630                        120
    dns.o                            896                      1 652
    etharp.o                       1 704                        201
    ethernetif.o                     336                          4
    example_entry.o                    6
    example_wlan_fast_connect.o      472                          4
    flash_api.o                      736
    freertos_pmu.o                   192                         16
    freertos_service.o             1 552               292        4
    gpio_api.o                       468
    hal_32k.o                        148
    hal_adc.o                      1 988                         56
    hal_gdma.o                       104
    hal_gpio.o                       116                        300
    hal_soc_ps_monitor.o           2 052                        653
    hal_timer.o                       60
    heap_5.o                         448                     61 500
    icmp.o                           404
    igmp.o                           944                         12
    inet_chksum.o                    342
    init.o                            46
    ip.o                             848                         18
    ip_addr.o                        480                 8       16
    ip_frag.o                      1 280                          8
    list.o                           142
    log_service.o                    988                16      404
    lwip_intf.o                      644
    lwip_netconf.o                   836                        120
    lwip_timers.o                    576                          8
    main.o                            68
    mem.o                            588
    memp.o                           208
    netbuf.o                         114
    netif.o                          348                         12
    osdep_api.o                      104
    osdep_service.o                1 320                          4
    pbuf.o                         1 124                          1
    ping_test.o                      556                         40
    pinmap.o                           2
    port.o                           528                         16
    portasm.o                        148
    queue.o                        1 204
    raw.o                            364                          4
    rtl8195a_adc.o                   800
    rtl8195a_gdma.o                1 000
    rtl8195a_timer.o               1 100                         24
    rtl_consol.o                     580                        848
    sleep.o                           30
    sockets.o                      2 036                        104
    sys_api.o                        908
    sys_arch.o                       486                         52
    system_8195a.o                    20                          4
    tasks.o                        2 144                        376
    tcm_heap.o                       356                         12
    tcp.o                          2 540                         35
    tcp_in.o                       3 724                         48
    tcp_out.o                      2 618
    tcpip.o                          484                         12
    timers.o                         752                         56
    udp.o                          1 052                          8
    update.o                       2 004                32        4
    us_ticker.o                       48
    wifi_conf.o                    5 168                         81
    wifi_ind.o                       180                        360
[...]
wifi_rx_beacon_hdl      0x100183cf     0xe  Code  Gb  wifi_conf.o [2]
wifi_scan               0x10018ea3    0x56  Code  Gb  wifi_conf.o [2]
wifi_scan_done_hdl      0x10018e3f    0x64  Code  Lc  wifi_conf.o [2]
wifi_scan_each_report_hdl
                        0x10018d21   0x11e  Code  Lc  wifi_conf.o [2]
wifi_scan_networks      0x10018f19    0x92  Code  Gb  wifi_conf.o [2]
wifi_set_autoreconnect  0x10019253     0xc  Code  Gb  wifi_conf.o [2]
wifi_set_channel        0x10018aff     0xa  Code  Gb  wifi_conf.o [2]
wifi_set_lps_dtim       0x10018c35     0xa  Code  Gb  wifi_conf.o [2]
wifi_set_power_mode     0x10018c15     0x4  Code  Gb  wifi_conf.o [2]
wifi_set_promisc        0x10019147     0x4  Code  Gb  wifi_conf.o [2]
wifi_set_pscan_chan     0x10018fc5    0x12  Code  Gb  wifi_conf.o [2]
wifi_set_tdma_param     0x10018c21    0x14  Code  Gb  wifi_conf.o [2]
wifi_set_wps_phase      0x10019143     0x4  Code  Gb  wifi_conf.o [2]
wifi_show_setting       0x10019087    0x9e  Code  Gb  wifi_conf.o [2]
wifi_start_ap           0x10018c51    0xca  Code  Gb  wifi_conf.o [2]
wifi_unreg_event_handler
                        0x10018115    0x30  Code  Gb  wifi_ind.o [2]
wifirate2_ratetbl_inx   0x100309fd    0x60  Code  Gb  rtw_wlan_util.o [8]
wireless_send_event     0x1001fa73     0xa  Code  Gb  freertos_ioctl.o [8]
wlan_init_done_callback
                        0x10040295    0xd4  Code  Gb  example_wlan_fast_connect.o [2]
wlan_network            0x10040dad    0x3a  Code  Gb  wlan_network.o [2]
wlan_network::__FUNCTION__
                        0x10040e18    0x10  Data  Lc  wlan_network.o [2]
wlan_wrtie_reconnect_data_to_flash
                        0x10040239    0x5c  Code  Gb  example_wlan_fast_connect.o [2]
wlan_wrtie_reconnect_data_to_flash::__func__
                        0x100403a0    0x24  Data  Lc  example_wlan_fast_connect.o [2]
wlancmds                0x10022ee0   0x1f8  Data  Gb  rtw_cmd.o [8]
wlanevents              0x10029fdc    0xc0  Data  Lc  rtw_mlme_ext.o [8]
wlanhdr_to_ethhdr       0x1002d0d1   0x138  Code  Gb  rtw_recv.o [8]
wpa_global_PSK          0x10048744    0x50  Data  Gb  rtw_psk.o [8]
wpa_set_encryption      0x1001fc37   0x176  Code  Lc  freertos_ioctl.o [8]
wpabuf_alloc            0x1002d50d    0x18  Code  Gb  wpabuf.o [9]
wpabuf_alloc_copy       0x1002d525    0x1c  Code  Gb  wpabuf.o [9]
wpabuf_dup              0x1002d541    0x1a  Code  Gb  wpabuf.o [9]
wpabuf_free             0x1002d55b    0x24  Code  Gb  wpabuf.o [9]
wpabuf_put              0x1002d585     0xc  Code  Gb  wpabuf.o [9]
wpabuf_put_be16         0x1002d5e5    0x14  Code  Lc  wps_attr_build.o [9]
wpabuf_put_be16         0x10041d3d    0x14  Code  Lc  wps_dev_attr.o [9]
wpabuf_put_be16         0x10042035    0x14  Code  Lc  wps_enrollee.o [9]
wpabuf_put_buf          0x1002d503     0xa  Code  Lc  wpabuf.o [9]
wpabuf_put_buf          0x1002d61b     0xa  Code  Lc  wps_attr_build.o [9]
wpabuf_put_data         0x100416ad    0x22  Code  Lc  eap_wsc.o [9]
wpabuf_put_data         0x1002d4e1    0x22  Code  Lc  wpabuf.o [9]
wpabuf_put_data         0x1002d5f9    0x22  Code  Lc  wps_attr_build.o [9]
wpabuf_put_data         0x10041d51    0x22  Code  Lc  wps_dev_attr.o [9]
wpabuf_put_data         0x10042049    0x22  Code  Lc  wps_enrollee.o [9]
wpabuf_put_u8           0x1004169d    0x10  Code  Lc  eap_wsc.o [9]
wpabuf_put_u8           0x1002d5d5    0x10  Code  Lc  wps_attr_build.o [9]
wpabuf_put_u8           0x10041be1    0x10  Code  Lc  eap_common.o [9]
wpabuf_put_u8           0x10041cfd    0x10  Code  Lc  eap_wsc_common.o [9]
wpabuf_zeropad          0x1002d591    0x3a  Code  Gb  wpabuf.o [9]
wpas_eap_wsc_init       0x10041105    0x12  Code  Gb  wps_protocol_handler.o [9]
wpas_swith_to_wps_auth  0x10041117    0x14  Code  Gb  wps_protocol_handler.o [9]
wpas_swith_to_wps_encr  0x1004112b    0x20  Code  Gb  wps_protocol_handler.o [9]
wpas_wps_dev_config     0x1004114b    0xd0  Code  Gb  wps_protocol_handler.o [9]
wpas_wps_init           0x1004121b    0x7e  Code  Gb  wps_protocol_handler.o [9]
wpas_wps_notify_wps_finish
                        0x100413c1    0x34  Code  Gb  wps_protocol_handler.o [9]
wpas_wps_notify_wps_finish_hdl
                        0x100413f5     0x2  Code  Gb  wps_protocol_handler.o [9]
wpas_wsc_eapol_recvd    0x100415a3    0x66  Code  Gb  wps_protocol_handler.o [9]
wpas_wsc_eapol_recvd_hdl
                        0x10041619    0x24  Code  Gb  wps_protocol_handler.o [9]
wpas_wsc_enrollee_handle_eap_fail
                        0x100413f7    0x48  Code  Gb  wps_protocol_handler.o [9]
wpas_wsc_enrollee_handle_recvd
                        0x1004152b    0x78  Code  Gb  wps_protocol_handler.o [9]
wpas_wsc_send_eap_rspidentity
                        0x100412ff    0x78  Code  Gb  wps_protocol_handler.o [9]
wpas_wsc_send_eapol     0x1004144f    0xcc  Code  Gb  wps_protocol_handler.o [9]
wpas_wsc_send_packet    0x10041299    0x66  Code  Gb  wps_protocol_handler.o [9]
wps_build_ap_settings   0x100422a7    0xdc  Code  Lc  wps_enrollee.o [9]
wps_build_assoc_state   0x1002d82b    0x14  Code  Gb  wps_attr_build.o [9]
wps_build_auth_type_flags
                        0x1002d7d1    0x14  Code  Gb  wps_attr_build.o [9]
wps_build_authenticator
                        0x1002d717    0x52  Code  Gb  wps_attr_build.o [9]
wps_build_config_error  0x1002d70b     0xc  Code  Gb  wps_attr_build.o [9]
wps_build_config_methods
                        0x1002d6c5     0xc  Code  Gb  wps_attr_build.o [9]
wps_build_conn_type_flags
                        0x1002d80d    0x14  Code  Gb  wps_attr_build.o [9]
wps_build_dev_name      0x10041e13    0x24  Code  Gb  wps_dev_attr.o [9]
wps_build_dev_password_id
                        0x1002d6e9     0xa  Code  Gb  wps_attr_build.o [9]
wps_build_device_attrs  0x10041e37    0x5e  Code  Gb  wps_dev_attr.o [9]
wps_build_e_hash        0x1004206b    0x9e  Code  Lc  wps_enrollee.o [9]
wps_build_encr_settings
                        0x1002d871    0x76  Code  Gb  wps_attr_build.o [9]
wps_build_encr_type_flags
                        0x1002d7e5    0x12  Code  Gb  wps_attr_build.o [9]
wps_build_enrollee_nonce
                        0x1002d78f    0x1e  Code  Gb  wps_attr_build.o [9]
wps_build_key_wrap_auth
                        0x1002d83f    0x32  Code  Gb  wps_attr_build.o [9]
wps_build_m1            0x1004211f   0x100  Code  Gb  wps_enrollee.o [9]
wps_build_m5            0x1004221f    0x82  Code  Lc  wps_enrollee.o [9]
wps_build_m7            0x10042389    0x96  Code  Lc  wps_enrollee.o [9]
wps_build_mac_addr      0x1002d8e7    0x16  Code  Gb  wps_attr_build.o [9]
wps_build_manufacturer  0x10041d73    0x24  Code  Gb  wps_dev_attr.o [9]
wps_build_model_name    0x10041d97    0x22  Code  Gb  wps_dev_attr.o [9]
wps_build_model_number  0x10041dc5    0x24  Code  Gb  wps_dev_attr.o [9]
wps_build_msg_type      0x1002d783     0xc  Code  Gb  wps_attr_build.o [9]
wps_build_os_version    0x10041e95    0x30  Code  Gb  wps_dev_attr.o [9]
wps_build_primary_dev_type
                        0x10041de9    0x24  Code  Gb  wps_dev_attr.o [9]
wps_build_public_key    0x1002d625    0x88  Code  Gb  wps_attr_build.o [9]
wps_build_registrar_nonce
                        0x1002d7ad    0x1e  Code  Gb  wps_attr_build.o [9]
wps_build_rf_bands      0x10041ec9    0x24  Code  Gb  wps_dev_attr.o [9]
wps_build_uuid_e        0x1002d6d1    0x18  Code  Gb  wps_attr_build.o [9]
wps_build_version       0x1002d769    0x16  Code  Gb  wps_attr_build.o [9]
wps_build_wfa_ext       0x1002d77f     0x4  Code  Gb  wps_attr_build.o [9]
wps_build_wsc_ack       0x1001f979    0x42  Code  Gb  wps_common.o [9]
wps_build_wsc_nack      0x1001f9bb    0x4e  Code  Gb  wps_common.o [9]
wps_check_and_show_connection_info
                        0x1001b11d    0x24  Code  Gb  wifi_wps_config.o [2]
wps_decrypt_encr_settings
                        0x1001f855    0x7e  Code  Gb  wps_common.o [9]
wps_deinit              0x10041b5b    0x58  Code  Gb  wps.o [9]
wps_derive_keys         0x1001f725    0xde  Code  Gb  wps_common.o [9]
wps_derive_psk          0x1001f803    0x52  Code  Gb  wps_common.o [9]
wps_device_data_free    0x10041feb    0x44  Code  Gb  wps_dev_attr.o [9]
wps_enrollee_get_msg    0x1004244f   0x11e  Code  Gb  wps_enrollee.o [9]
wps_enrollee_process_msg
                        0x100429bb    0xb4  Code  Gb  wps_enrollee.o [9]
wps_generate_pin        0x1001f933    0x3a  Code  Gb  wps_common.o [9]
wps_get_msg             0x10041bbd     0x4  Code  Gb  wps.o [9]
wps_init                0x10041a3d   0x106  Code  Gb  wps.o [9]
wps_judge_staion_disconnect
                        0x1001b4c9    0x46  Code  Gb  wifi_wps_config.o [2]
wps_kdf                 0x1001f681    0xa4  Code  Gb  wps_common.o [9]
wps_oui                 0x00035440     0x4  Data  Lc  rom.o [11]
wps_parse_msg           0x10042e6d    0x8c  Code  Gb  wps_attr_parse.o [9]
wps_parse_vendor_ext_wfa
                        0x10042a83    0x5c  Code  Lc  wps_attr_parse.o [9]
wps_password_id         0x100485e0     0x1  Data  Gb  wifi_wps_config.o [2]
wps_pin_checksum        0x1001f8d3    0x3e  Code  Gb  wps_common.o [9]
wps_pin_code            0x100485e8    0x20  Data  Gb  wifi_wps_config.o [2]
wps_pin_valid           0x1001f911    0x22  Code  Gb  wps_common.o [9]
wps_process_authenticator
                        0x10042ef9    0x4e  Code  Gb  wps_attr_process.o [9]
wps_process_cred        0x1004304b    0x54  Code  Gb  wps_attr_process.o [9]
wps_process_cred_auth_type
                        0x10042fad    0x12  Code  Lc  wps_attr_process.o [9]
wps_process_cred_e      0x1004262b    0x42  Code  Lc  wps_enrollee.o [9]
wps_process_cred_encr_type
                        0x10042fbf    0x12  Code  Lc  wps_attr_process.o [9]
wps_process_cred_mac_addr
                        0x10043011    0x16  Code  Lc  wps_attr_process.o [9]
wps_process_cred_network_key
                        0x10042fe3    0x28  Code  Lc  wps_attr_process.o [9]
wps_process_cred_network_key_idx
                        0x10042fd7     0xc  Code  Lc  wps_attr_process.o [9]
wps_process_cred_ssid   0x10042f83    0x2a  Code  Lc  wps_attr_process.o [9]
wps_process_creds       0x1004266d    0x40  Code  Lc  wps_enrollee.o [9]
wps_process_device_attrs
                        0x10041eed    0xea  Code  Gb  wps_dev_attr.o [9]
wps_process_enrollee_nonce
                        0x1004256d    0x18  Code  Lc  wps_enrollee.o [9]
wps_process_key_wrap_auth
                        0x10042f47    0x3c  Code  Gb  wps_attr_process.o [9]
wps_process_m2          0x100426ad    0x90  Code  Lc  wps_enrollee.o [9]
wps_process_m4          0x1004273d    0x86  Code  Lc  wps_enrollee.o [9]
wps_process_m8          0x100427d3    0x7a  Code  Lc  wps_enrollee.o [9]
wps_process_msg         0x10041bb9     0x4  Code  Gb  wps.o [9]
wps_process_r_snonce1   0x10042585    0x38  Code  Lc  wps_enrollee.o [9]
wps_process_r_snonce2   0x100425bd    0x38  Code  Lc  wps_enrollee.o [9]
wps_process_wsc_msg     0x1004286d   0x14e  Code  Lc  wps_enrollee.o [9]
wps_scan_result_handler
                        0x1001b141    0x8e  Code  Lc  wifi_wps_config.o [2]
wps_set_attr            0x10042adf   0x38e  Code  Lc  wps_attr_parse.o [9]
wps_start               0x1001b1cf   0x2f0  Code  Gb  wifi_wps_config.o [2]
wps_validate_assoc_state
                        0x10043169    0x18  Code  Lc  wps_validate.o [9]
wps_validate_auth_type  0x10043299    0x2c  Code  Lc  wps_validate.o [9]
wps_validate_auth_type_flags
                        0x1004327d    0x1c  Code  Lc  wps_validate.o [9]
wps_validate_authenticator
                        0x10043333     0xa  Code  Lc  wps_validate.o [9]
wps_validate_config_error
                        0x10043181    0x18  Code  Lc  wps_validate.o [9]
wps_validate_config_methods
                        0x1004311d    0x20  Code  Lc  wps_validate.o [9]
wps_validate_conn_type_flags
                        0x10043313    0x16  Code  Lc  wps_validate.o [9]
wps_validate_cred       0x100433a9    0x82  Code  Lc  wps_validate.o [9]
wps_validate_dev_name   0x1004320b    0x16  Code  Lc  wps_validate.o [9]
wps_validate_dev_password_id
                        0x10043199    0x1a  Code  Lc  wps_validate.o [9]
wps_validate_encr_settings
                        0x1004333d    0x10  Code  Lc  wps_validate.o [9]
wps_validate_encr_type  0x100432e1    0x2c  Code  Lc  wps_validate.o [9]
wps_validate_encr_type_flags
                        0x100432c5    0x1c  Code  Lc  wps_validate.o [9]
wps_validate_enrollee_nonce
                        0x10043247     0xa  Code  Lc  wps_validate.o [9]
wps_validate_key_wrap_auth
                        0x1004334d     0xa  Code  Lc  wps_validate.o [9]
wps_validate_m2         0x10043467   0x10e  Code  Gb  wps_validate.o [9]
wps_validate_m2d        0x10043575    0xda  Code  Gb  wps_validate.o [9]
wps_validate_m4         0x1004365d    0x56  Code  Gb  wps_validate.o [9]
wps_validate_m4_encr    0x100436b3    0x28  Code  Gb  wps_validate.o [9]
wps_validate_m6         0x100436ff    0x4a  Code  Gb  wps_validate.o [9]
wps_validate_m6_encr    0x1004375f    0x28  Code  Gb  wps_validate.o [9]
wps_validate_m8         0x10043787    0x4a  Code  Gb  wps_validate.o [9]
wps_validate_m8_encr    0x100437d1    0x8a  Code  Gb  wps_validate.o [9]
wps_validate_mac_addr   0x10043235    0x12  Code  Lc  wps_validate.o [9]
wps_validate_manufacturer
                        0x100431b3    0x16  Code  Lc  wps_validate.o [9]
wps_validate_model_name
                        0x100431c9    0x16  Code  Lc  wps_validate.o [9]
wps_validate_model_number
                        0x100431df    0x16  Code  Lc  wps_validate.o [9]
wps_validate_msg_type   0x10043221    0x14  Code  Lc  wps_validate.o [9]
wps_validate_network_key
                        0x1004337b    0x2e  Code  Lc  wps_validate.o [9]
wps_validate_network_key_index
                        0x10043371     0xa  Code  Lc  wps_validate.o [9]
wps_validate_os_version
                        0x10043329     0xa  Code  Lc  wps_validate.o [9]
wps_validate_primary_dev_type
                        0x10043147     0xa  Code  Lc  wps_validate.o [9]
wps_validate_public_key
                        0x1004325b    0x10  Code  Lc  wps_validate.o [9]
wps_validate_registrar_nonce
                        0x10043251     0xa  Code  Lc  wps_validate.o [9]
wps_validate_rf_bands   0x10043151    0x18  Code  Lc  wps_validate.o [9]
wps_validate_serial_number
                        0x100431f5    0x16  Code  Lc  wps_validate.o [9]
wps_validate_ssid       0x10043357    0x1a  Code  Lc  wps_validate.o [9]
wps_validate_uuid_r     0x1004313d     0xa  Code  Lc  wps_validate.o [9]
wps_validate_version    0x100430bf    0x12  Code  Lc  wps_validate.o [9]
wps_validate_version2   0x100430d1    0x12  Code  Lc  wps_validate.o [9]
wps_validate_wsc_ack    0x1004385b    0x46  Code  Gb  wps_validate.o [9]
wps_validate_wsc_nack   0x100438a1    0x4e  Code  Gb  wps_validate.o [9]
wps_workaround_cred_key
                        0x10043027    0x24  Code  Lc  wps_attr_process.o [9]
wrapper_skbbuf_list     0x10048994     0x8  Data  Lc  freertos_skbuff.o [8]
write_cam               0x10030309    0x6a  Code  Gb  rtw_wlan_util.o [8]
wsc_eap                 0x1004aab8    0x1c  Data  Gb  eap_wsc.o [9]
xActiveTimerList1       0x10048348    0x14  Data  Lc  timers.o [2]
xActiveTimerList2       0x1004835c    0x14  Data  Lc  timers.o [2]
xBlockAllocatedBit      0x10047ee4     0x4  Data  Lc  heap_5.o [2]
xDelayedTaskList1       0x10043f2c    0x14  Data  Lc  tasks.o [2]
xDelayedTaskList2       0x10043f40    0x14  Data  Lc  tasks.o [2]
xFreeBytesRemaining     0x10047edc     0x4  Data  Lc  heap_5.o [2]
xHeapRegions            0x10047eb8    0x18  Data  Gb  heap_5.o [2]
xMaximumPossibleSuppressedTicks
                        0x10048154     0x4  Data  Lc  port.o [2]
xMinimumEverFreeBytesRemaining
                        0x10047ee0     0x4  Data  Lc  heap_5.o [2]
xNextTaskUnblockTime    0x10043f24     0x4  Data  Lc  tasks.o [2]
xNumOfOverflows         0x10043f1c     0x4  Data  Lc  tasks.o [2]
xPendingReadyList       0x10043eb8    0x14  Data  Lc  tasks.o [2]
xPortGetFreeHeapSize    0x1000f2f9     0x6  Code  Gb  heap_5.o [2]
xPortPendSVHandler      0x10043b1d          Code  Gb  portasm.o [2]
xPortStartScheduler     0x1000da6d    0x26  Code  Gb  port.o [2]
xPortSysTickHandler     0x1000dacd    0x1e  Code  Gb  port.o [2]
xQueueCreateCountingSemaphore
                        0x1000ce1b    0x12  Code  Gb  queue.o [2]
xQueueCreateMutex       0x1000cdd3    0x3e  Code  Gb  queue.o [2]
xQueueGenericCreate     0x1000cd97    0x3c  Code  Gb  queue.o [2]
xQueueGenericReceive    0x1000cf65   0x10e  Code  Gb  queue.o [2]
xQueueGenericReset      0x1000cd33    0x64  Code  Gb  queue.o [2]
xQueueGenericSend       0x1000ce2d    0xcc  Code  Gb  queue.o [2]
xQueueGenericSendFromISR
                        0x1000cef9    0x6c  Code  Gb  queue.o [2]
xSchedulerRunning       0x10043f10     0x4  Data  Lc  tasks.o [2]
xStart                  0x10047ed0     0x8  Data  Lc  heap_5.o [2]
xSuspendedTaskList      0x10043ef0    0x14  Data  Lc  tasks.o [2]
xTaskCheckForTimeOut    0x1000d79b    0x46  Code  Gb  tasks.o [2]
xTaskGenericCreate      0x1000d1e9   0x118  Code  Gb  tasks.o [2]
xTaskGetSchedulerState  0x1000d90f    0x16  Code  Gb  tasks.o [2]
xTaskGetTickCount       0x1000d563     0xc  Code  Gb  tasks.o [2]
xTaskIncrementTick      0x1000d58f    0xb2  Code  Gb  tasks.o [2]
xTaskPriorityDisinherit
                        0x1000d9a5    0x6c  Code  Gb  tasks.o [2]
xTaskRemoveFromEventList
                        0x1000d737    0x4e  Code  Gb  tasks.o [2]
xTaskResumeAll          0x1000d4d3    0x90  Code  Gb  tasks.o [2]
xTasksWaitingTermination
                        0x10043ecc    0x14  Data  Lc  tasks.o [2]
xTickCount              0x10043f08     0x4  Data  Lc  tasks.o [2]
xTimerCreate            0x1000f3e7    0x3a  Code  Gb  timers.o [2]
xTimerCreateTimerTask   0x1000f3b5    0x32  Code  Gb  timers.o [2]
xTimerGenericCommand    0x1000f421    0x44  Code  Gb  timers.o [2]
xTimerIsTimerActive     0x1000f67d    0x1a  Code  Gb  timers.o [2]
xTimerQueue             0x10048340     0x4  Data  Lc  timers.o [2]
xYieldPending           0x10043f18     0x4  Data  Lc  tasks.o [2]
xmit_delivery_enabled_frames
                        0x1003bd0f   0x102  Code  Gb  rtw_xmit.o [8]
xmitframe_addmic        0x1003af27   0x182  Code  Gb  rtw_xmit.o [8]
xmitframe_enqueue_for_sleeping_sta
                        0x1003b89f   0x154  Code  Gb  rtw_xmit.o [8]
xmitframe_swencrypt     0x1003b0af    0x30  Code  Gb  rtw_xmit.o [8]
xnetif                  0x10048098    0x78  Data  Gb  lwip_netconf.o [2]
z1                      0x10000374     0x4  Data  Lc  rom.o [11]
z2                      0x10000378     0x4  Data  Lc  rom.o [11]
z3                      0x1000037c     0x4  Data  Lc  rom.o [11]
z4                      0x10000380     0x4  Data  Lc  rom.o [11]
zero_bssid              0x1001e970     0x8  Data  Gb  rtw_promisc.o [8]
zeroes                  0x0003ec14    0x10  Data  Lc  rom.o [11]


[1] = C:\Users\Administrator\Desktop\sdk-ameba1-v3.4b3_without_NDA\project\realtek_ameba1_va0_example\EWARM-RELEASE\..\..\..\component\soc\realtek\8195a\misc\bsp\image
[2] = C:\Users\Administrator\Desktop\sdk-ameba1-v3.4b3_without_NDA\project\realtek_ameba1_va0_example\EWARM-RELEASE\Debug\Obj
[3] = command line
[4] = dl7M_tln.a
[5] = lib_mdns.a
[6] = lib_platform.a
[7] = lib_rtlstd.a
[8] = lib_wlan.a
[9] = lib_wps.a
[10] = m7M_tl.a
[11] = rom.a
[12] = rt7M_tl.a

  246 998 bytes of readonly  code memory
  276 520 bytes of readwrite code memory
   19 993 bytes of readonly  data memory
  169 129 bytes of readwrite data memory

Errors: none
Warnings: none
